Archive member included to satisfy reference by file (symbol)

D:/STM32CubeIDE_2.2.0/STM32CubeIDE/plugins/com.st.stm32cube.ide.mcu.externaltools.gnu-tools-for-stm32.14.3.rel1.win32_1.0.100.202602081740/tools/bin/../lib/gcc/arm-none-eabi/14.3.1/../../../../arm-none-eabi/lib/thumb/v7e-m+fp/hard\libc_nano.a(libc_a-exit.o)
                              D:/STM32CubeIDE_2.2.0/STM32CubeIDE/plugins/com.st.stm32cube.ide.mcu.externaltools.gnu-tools-for-stm32.14.3.rel1.win32_1.0.100.202602081740/tools/bin/../lib/gcc/arm-none-eabi/14.3.1/../../../../arm-none-eabi/lib/thumb/v7e-m+fp/hard/crt0.o (exit)
D:/STM32CubeIDE_2.2.0/STM32CubeIDE/plugins/com.st.stm32cube.ide.mcu.externaltools.gnu-tools-for-stm32.14.3.rel1.win32_1.0.100.202602081740/tools/bin/../lib/gcc/arm-none-eabi/14.3.1/../../../../arm-none-eabi/lib/thumb/v7e-m+fp/hard\libc_nano.a(libc_a-findfp.o)
                              D:/STM32CubeIDE_2.2.0/STM32CubeIDE/plugins/com.st.stm32cube.ide.mcu.externaltools.gnu-tools-for-stm32.14.3.rel1.win32_1.0.100.202602081740/tools/bin/../lib/gcc/arm-none-eabi/14.3.1/../../../../arm-none-eabi/lib/thumb/v7e-m+fp/hard\libc_nano.a(libc_a-exit.o) (__stdio_exit_handler)
D:/STM32CubeIDE_2.2.0/STM32CubeIDE/plugins/com.st.stm32cube.ide.mcu.externaltools.gnu-tools-for-stm32.14.3.rel1.win32_1.0.100.202602081740/tools/bin/../lib/gcc/arm-none-eabi/14.3.1/../../../../arm-none-eabi/lib/thumb/v7e-m+fp/hard\libc_nano.a(libc_a-fwalk.o)
                              D:/STM32CubeIDE_2.2.0/STM32CubeIDE/plugins/com.st.stm32cube.ide.mcu.externaltools.gnu-tools-for-stm32.14.3.rel1.win32_1.0.100.202602081740/tools/bin/../lib/gcc/arm-none-eabi/14.3.1/../../../../arm-none-eabi/lib/thumb/v7e-m+fp/hard\libc_nano.a(libc_a-findfp.o) (_fwalk_sglue)
D:/STM32CubeIDE_2.2.0/STM32CubeIDE/plugins/com.st.stm32cube.ide.mcu.externaltools.gnu-tools-for-stm32.14.3.rel1.win32_1.0.100.202602081740/tools/bin/../lib/gcc/arm-none-eabi/14.3.1/../../../../arm-none-eabi/lib/thumb/v7e-m+fp/hard\libc_nano.a(libc_a-stdio.o)
                              D:/STM32CubeIDE_2.2.0/STM32CubeIDE/plugins/com.st.stm32cube.ide.mcu.externaltools.gnu-tools-for-stm32.14.3.rel1.win32_1.0.100.202602081740/tools/bin/../lib/gcc/arm-none-eabi/14.3.1/../../../../arm-none-eabi/lib/thumb/v7e-m+fp/hard\libc_nano.a(libc_a-findfp.o) (__sread)
D:/STM32CubeIDE_2.2.0/STM32CubeIDE/plugins/com.st.stm32cube.ide.mcu.externaltools.gnu-tools-for-stm32.14.3.rel1.win32_1.0.100.202602081740/tools/bin/../lib/gcc/arm-none-eabi/14.3.1/../../../../arm-none-eabi/lib/thumb/v7e-m+fp/hard\libc_nano.a(libc_a-vsnprintf.o)
                              ./Core/Src/main.o (vsnprintf)
D:/STM32CubeIDE_2.2.0/STM32CubeIDE/plugins/com.st.stm32cube.ide.mcu.externaltools.gnu-tools-for-stm32.14.3.rel1.win32_1.0.100.202602081740/tools/bin/../lib/gcc/arm-none-eabi/14.3.1/../../../../arm-none-eabi/lib/thumb/v7e-m+fp/hard\libc_nano.a(libc_a-memset.o)
                              D:/STM32CubeIDE_2.2.0/STM32CubeIDE/plugins/com.st.stm32cube.ide.mcu.externaltools.gnu-tools-for-stm32.14.3.rel1.win32_1.0.100.202602081740/tools/bin/../lib/gcc/arm-none-eabi/14.3.1/../../../../arm-none-eabi/lib/thumb/v7e-m+fp/hard/crt0.o (memset)
D:/STM32CubeIDE_2.2.0/STM32CubeIDE/plugins/com.st.stm32cube.ide.mcu.externaltools.gnu-tools-for-stm32.14.3.rel1.win32_1.0.100.202602081740/tools/bin/../lib/gcc/arm-none-eabi/14.3.1/../../../../arm-none-eabi/lib/thumb/v7e-m+fp/hard\libc_nano.a(libc_a-closer.o)
                              D:/STM32CubeIDE_2.2.0/STM32CubeIDE/plugins/com.st.stm32cube.ide.mcu.externaltools.gnu-tools-for-stm32.14.3.rel1.win32_1.0.100.202602081740/tools/bin/../lib/gcc/arm-none-eabi/14.3.1/../../../../arm-none-eabi/lib/thumb/v7e-m+fp/hard\libc_nano.a(libc_a-stdio.o) (_close_r)
D:/STM32CubeIDE_2.2.0/STM32CubeIDE/plugins/com.st.stm32cube.ide.mcu.externaltools.gnu-tools-for-stm32.14.3.rel1.win32_1.0.100.202602081740/tools/bin/../lib/gcc/arm-none-eabi/14.3.1/../../../../arm-none-eabi/lib/thumb/v7e-m+fp/hard\libc_nano.a(libc_a-reent.o)
                              D:/STM32CubeIDE_2.2.0/STM32CubeIDE/plugins/com.st.stm32cube.ide.mcu.externaltools.gnu-tools-for-stm32.14.3.rel1.win32_1.0.100.202602081740/tools/bin/../lib/gcc/arm-none-eabi/14.3.1/../../../../arm-none-eabi/lib/thumb/v7e-m+fp/hard\libc_nano.a(libc_a-closer.o) (errno)
D:/STM32CubeIDE_2.2.0/STM32CubeIDE/plugins/com.st.stm32cube.ide.mcu.externaltools.gnu-tools-for-stm32.14.3.rel1.win32_1.0.100.202602081740/tools/bin/../lib/gcc/arm-none-eabi/14.3.1/../../../../arm-none-eabi/lib/thumb/v7e-m+fp/hard\libc_nano.a(libc_a-impure.o)
                              D:/STM32CubeIDE_2.2.0/STM32CubeIDE/plugins/com.st.stm32cube.ide.mcu.externaltools.gnu-tools-for-stm32.14.3.rel1.win32_1.0.100.202602081740/tools/bin/../lib/gcc/arm-none-eabi/14.3.1/../../../../arm-none-eabi/lib/thumb/v7e-m+fp/hard\libc_nano.a(libc_a-vsnprintf.o) (_impure_ptr)
[...]
Memory Configuration

Name             Origin             Length             Attributes
RAM              0x20000000         0x00018000         xrw
FLASH            0x08000000         0x00080000         xr
*default*        0x00000000         0xffffffff

Linker script and memory map

LOAD D:/STM32CubeIDE_2.2.0/STM32CubeIDE/plugins/com.st.stm32cube.ide.mcu.externaltools.gnu-tools-for-stm32.14.3.rel1.win32_1.0.100.202602081740/tools/bin/../lib/gcc/arm-none-eabi/14.3.1/thumb/v7e-m+fp/hard/crti.o
LOAD D:/STM32CubeIDE_2.2.0/STM32CubeIDE/plugins/com.st.stm32cube.ide.mcu.externaltools.gnu-tools-for-stm32.14.3.rel1.win32_1.0.100.202602081740/tools/bin/../lib/gcc/arm-none-eabi/14.3.1/thumb/v7e-m+fp/hard/crtbegin.o
LOAD D:/STM32CubeIDE_2.2.0/STM32CubeIDE/plugins/com.st.stm32cube.ide.mcu.externaltools.gnu-tools-for-stm32.14.3.rel1.win32_1.0.100.202602081740/tools/bin/../lib/gcc/arm-none-eabi/14.3.1/../../../../arm-none-eabi/lib/thumb/v7e-m+fp/hard/crt0.o
LOAD ./Core/Src/checkpoint.o
LOAD ./Core/Src/main.o
LOAD ./Core/Src/power_sim.o
LOAD ./Core/Src/stm32f4xx_hal_msp.o
LOAD ./Core/Src/stm32f4xx_hal_timebase_tim.o
LOAD ./Core/Src/stm32f4xx_it.o
LOAD ./Core/Src/syscalls.o
LOAD ./Core/Src/sysmem.o
LOAD ./Core/Src/system_stm32f4xx.o
LOAD ./Core/Src/usart.o
LOAD ./Core/Startup/startup_stm32f401retx.o
LOAD ./Drivers/STM32F4xx_HAL_Driver/Src/stm32f4xx_hal.o
LOAD ./Drivers/STM32F4xx_HAL_Driver/Src/stm32f4xx_hal_cortex.o
LOAD ./Drivers/STM32F4xx_HAL_Driver/Src/stm32f4xx_hal_dma.o
LOAD ./Drivers/STM32F4xx_HAL_Driver/Src/stm32f4xx_hal_dma_ex.o
LOAD ./Drivers/STM32F4xx_HAL_Driver/Src/stm32f4xx_hal_exti.o
LOAD ./Drivers/STM32F4xx_HAL_Driver/Src/stm32f4xx_hal_flash.o
LOAD ./Drivers/STM32F4xx_HAL_Driver/Src/stm32f4xx_hal_flash_ex.o
LOAD ./Drivers/STM32F4xx_HAL_Driver/Src/stm32f4xx_hal_flash_ramfunc.o
LOAD ./Drivers/STM32F4xx_HAL_Driver/Src/stm32f4xx_hal_gpio.o
LOAD ./Drivers/STM32F4xx_HAL_Driver/Src/stm32f4xx_hal_pwr.o
LOAD ./Drivers/STM32F4xx_HAL_Driver/Src/stm32f4xx_hal_pwr_ex.o
LOAD ./Drivers/STM32F4xx_HAL_Driver/Src/stm32f4xx_hal_rcc.o
LOAD ./Drivers/STM32F4xx_HAL_Driver/Src/stm32f4xx_hal_rcc_ex.o
LOAD ./Drivers/STM32F4xx_HAL_Driver/Src/stm32f4xx_hal_tim.o
LOAD ./Drivers/STM32F4xx_HAL_Driver/Src/stm32f4xx_hal_tim_ex.o
LOAD ./Drivers/STM32F4xx_HAL_Driver/Src/stm32f4xx_hal_uart.o
LOAD ./Middlewares/Third_Party/MyRTOS/Source/CMSIS_RTOS_V2/cmsis_os2.o
LOAD ./Middlewares/Third_Party/MyRTOS/Source/croutine.o
LOAD ./Middlewares/Third_Party/MyRTOS/Source/event_groups.o
LOAD ./Middlewares/Third_Party/MyRTOS/Source/list.o
LOAD ./Middlewares/Third_Party/MyRTOS/Source/queue.o
LOAD ./Middlewares/Third_Party/MyRTOS/Source/stream_buffer.o
LOAD ./Middlewares/Third_Party/MyRTOS/Source/tasks.o
LOAD ./Middlewares/Third_Party/MyRTOS/Source/timers.o
LOAD ./Middlewares/Third_Party/MyRTOS/Source/portable/GCC/ARM_CM4F/port.o
LOAD ./Middlewares/Third_Party/MyRTOS/Source/portable/MemMang/heap_4.o
START GROUP
LOAD D:/STM32CubeIDE_2.2.0/STM32CubeIDE/plugins/com.st.stm32cube.ide.mcu.externaltools.gnu-tools-for-stm32.14.3.rel1.win32_1.0.100.202602081740/tools/bin/../lib/gcc/arm-none-eabi/14.3.1/../../../../arm-none-eabi/lib/thumb/v7e-m+fp/hard\libc_nano.a
LOAD D:/STM32CubeIDE_2.2.0/STM32CubeIDE/plugins/com.st.stm32cube.ide.mcu.externaltools.gnu-tools-for-stm32.14.3.rel1.win32_1.0.100.202602081740/tools/bin/../lib/gcc/arm-none-eabi/14.3.1/../../../../arm-none-eabi/lib/thumb/v7e-m+fp/hard\libm.a
END GROUP
START GROUP
LOAD D:/STM32CubeIDE_2.2.0/STM32CubeIDE/plugins/com.st.stm32cube.ide.mcu.externaltools.gnu-tools-for-stm32.14.3.rel1.win32_1.0.100.202602081740/tools/bin/../lib/gcc/arm-none-eabi/14.3.1/thumb/v7e-m+fp/hard\libgcc.a
LOAD D:/STM32CubeIDE_2.2.0/STM32CubeIDE/plugins/com.st.stm32cube.ide.mcu.externaltools.gnu-tools-for-stm32.14.3.rel1.win32_1.0.100.202602081740/tools/bin/../lib/gcc/arm-none-eabi/14.3.1/../../../../arm-none-eabi/lib/thumb/v7e-m+fp/hard\libc_nano.a
END GROUP
START GROUP
LOAD D:/STM32CubeIDE_2.2.0/STM32CubeIDE/plugins/com.st.stm32cube.ide.mcu.externaltools.gnu-tools-for-stm32.14.3.rel1.win32_1.0.100.202602081740/tools/bin/../lib/gcc/arm-none-eabi/14.3.1/thumb/v7e-m+fp/hard\libgcc.a
LOAD D:/STM32CubeIDE_2.2.0/STM32CubeIDE/plugins/com.st.stm32cube.ide.mcu.externaltools.gnu-tools-for-stm32.14.3.rel1.win32_1.0.100.202602081740/tools/bin/../lib/gcc/arm-none-eabi/14.3.1/../../../../arm-none-eabi/lib/thumb/v7e-m+fp/hard\libc_nano.a
LOAD D:/STM32CubeIDE_2.2.0/STM32CubeIDE/plugins/com.st.stm32cube.ide.mcu.externaltools.gnu-tools-for-stm32.14.3.rel1.win32_1.0.100.202602081740/tools/bin/../lib/gcc/arm-none-eabi/14.3.1/../../../../arm-none-eabi/lib/thumb/v7e-m+fp/hard\libnosys.a
END GROUP
START GROUP
LOAD D:/STM32CubeIDE_2.2.0/STM32CubeIDE/plugins/com.st.stm32cube.ide.mcu.externaltools.gnu-tools-for-stm32.14.3.rel1.win32_1.0.100.202602081740/tools/bin/../lib/gcc/arm-none-eabi/14.3.1/thumb/v7e-m+fp/hard\libgcc.a
LOAD D:/STM32CubeIDE_2.2.0/STM32CubeIDE/plugins/com.st.stm32cube.ide.mcu.externaltools.gnu-tools-for-stm32.14.3.rel1.win32_1.0.100.202602081740/tools/bin/../lib/gcc/arm-none-eabi/14.3.1/../../../../arm-none-eabi/lib/thumb/v7e-m+fp/hard\libc_nano.a
LOAD D:/STM32CubeIDE_2.2.0/STM32CubeIDE/plugins/com.st.stm32cube.ide.mcu.externaltools.gnu-tools-for-stm32.14.3.rel1.win32_1.0.100.202602081740/tools/bin/../lib/gcc/arm-none-eabi/14.3.1/../../../../arm-none-eabi/lib/thumb/v7e-m+fp/hard\libnosys.a
END GROUP
LOAD D:/STM32CubeIDE_2.2.0/STM32CubeIDE/plugins/com.st.stm32cube.ide.mcu.externaltools.gnu-tools-for-stm32.14.3.rel1.win32_1.0.100.202602081740/tools/bin/../lib/gcc/arm-none-eabi/14.3.1/thumb/v7e-m+fp/hard/crtend.o
LOAD D:/STM32CubeIDE_2.2.0/STM32CubeIDE/plugins/com.st.stm32cube.ide.mcu.externaltools.gnu-tools-for-stm32.14.3.rel1.win32_1.0.100.202602081740/tools/bin/../lib/gcc/arm-none-eabi/14.3.1/thumb/v7e-m+fp/hard/crtn.o
                0x20018000                        _estack = (ORIGIN (RAM) + LENGTH (RAM))
                0x00000200                        _Min_Heap_Size = 0x200
                0x00000400                        _Min_Stack_Size = 0x400

.isr_vector     0x08000000      0x194
                0x08000000                        . = ALIGN (0x4)
 *(.isr_vector)
 .isr_vector    0x08000000      0x194 ./Core/Startup/startup_stm32f401retx.o
                0x08000000                g_pfnVectors
                0x08000194                        . = ALIGN (0x4)

.text           0x080001a0     0x5e4c
                0x080001a0                        . = ALIGN (0x4)
 *(.text)
 .text          0x080001a0       0x40 D:/STM32CubeIDE_2.2.0/STM32CubeIDE/plugins/com.st.stm32cube.ide.mcu.externaltools.gnu-tools-for-stm32.14.3.rel1.win32_1.0.100.202602081740/tools/bin/../lib/gcc/arm-none-eabi/14.3.1/thumb/v7e-m+fp/hard/crtbegin.o
 .text          0x080001e0       0x10 D:/STM32CubeIDE_2.2.0/STM32CubeIDE/plugins/com.st.stm32cube.ide.mcu.externaltools.gnu-tools-for-stm32.14.3.rel1.win32_1.0.100.202602081740/tools/bin/../lib/gcc/arm-none-eabi/14.3.1/../../../../arm-none-eabi/lib/thumb/v7e-m+fp/hard\libc_nano.a(libc_a-strlen.o)
                0x080001e0                strlen
 .text          0x080001f0       0xa0 D:/STM32CubeIDE_2.2.0/STM32CubeIDE/plugins/com.st.stm32cube.ide.mcu.externaltools.gnu-tools-for-stm32.14.3.rel1.win32_1.0.100.202602081740/tools/bin/../lib/gcc/arm-none-eabi/14.3.1/../../../../arm-none-eabi/lib/thumb/v7e-m+fp/hard\libc_nano.a(libc_a-memchr.o)
                0x080001f0                memchr
 .text          0x08000290       0x30 D:/STM32CubeIDE_2.2.0/STM32CubeIDE/plugins/com.st.stm32cube.ide.mcu.externaltools.gnu-tools-for-stm32.14.3.rel1.win32_1.0.100.202602081740/tools/bin/../lib/gcc/arm-none-eabi/14.3.1/thumb/v7e-m+fp/hard\libgcc.a(_aeabi_uldivmod.o)
                0x08000290                __aeabi_uldivmod
 .text          0x080002c0      0x2f8 D:/STM32CubeIDE_2.2.0/STM32CubeIDE/plugins/com.st.stm32cube.ide.mcu.externaltools.gnu-tools-for-stm32.14.3.rel1.win32_1.0.100.202602081740/tools/bin/../lib/gcc/arm-none-eabi/14.3.1/thumb/v7e-m+fp/hard\libgcc.a(_udivmoddi4.o)
                0x080002c0                __udivmoddi4
 .text          0x080005b8        0x4 D:/STM32CubeIDE_2.2.0/STM32CubeIDE/plugins/com.st.stm32cube.ide.mcu.externaltools.gnu-tools-for-stm32.14.3.rel1.win32_1.0.100.202602081740/tools/bin/../lib/gcc/arm-none-eabi/14.3.1/thumb/v7e-m+fp/hard\libgcc.a(_dvmd_tls.o)
                0x080005b8                __aeabi_idiv0
                0x080005b8                __aeabi_ldiv0
 *(.text*)
 .text.Checkpoint_Init
                0x080005bc       0x40 ./Core/Src/checkpoint.o
                0x080005bc                Checkpoint_Init
 .text.Checkpoint_Save
                0x080005fc       0xc8 ./Core/Src/checkpoint.o
                0x080005fc                Checkpoint_Save
 .text.Checkpoint_Restore
                0x080006c4       0xe0 ./Core/Src/checkpoint.o
                0x080006c4                Checkpoint_Restore
 .text.Checkpoint_PowerMonitor
                0x080007a4        0xe ./Core/Src/checkpoint.o
                0x080007a4                Checkpoint_PowerMonitor
 *fill*         0x080007b2        0x2 
 .text.UART_Print
                0x080007b4       0x28 ./Core/Src/main.o
                0x080007b4                UART_Print
 .text.UART_Printf
                0x080007dc       0x4a ./Core/Src/main.o
                0x080007dc                UART_Printf
 *fill*         0x08000826        0x2 
 .text.SystemClock_Config
                0x08000828       0xc0 ./Core/Src/main.o
                0x08000828                SystemClock_Config
 .text.MX_GPIO_Init
                0x080008e8       0x84 ./Core/Src/main.o
                0x080008e8                MX_GPIO_Init
 .text.Error_Handler
                0x0800096c        0xc ./Core/Src/main.o
                0x0800096c                Error_Handler
 .text.HAL_TIM_PeriodElapsedCallback
                0x08000978       0x1e ./Core/Src/main.o
                0x08000978                HAL_TIM_PeriodElapsedCallback
 *fill*         0x08000996        0x2 
 .text.TestTask
                0x08000998       0x54 ./Core/Src/main.o
                0x08000998                TestTask
 .text.main     0x080009ec       0x6c ./Core/Src/main.o
                0x080009ec                main
 .text.PowerSim_Init
                0x08000a58       0x50 ./Core/Src/power_sim.o
                0x08000a58                PowerSim_Init
 .text.PowerSim_Update
                0x08000aa8      0x2cc ./Core/Src/power_sim.o
                0x08000aa8                PowerSim_Update
 .text.HAL_MspInit
                0x08000d74       0x58 ./Core/Src/stm32f4xx_hal_msp.o
                0x08000d74                HAL_MspInit
 .text.HAL_UART_MspInit
                0x08000dcc       0x90 ./Core/Src/stm32f4xx_hal_msp.o
                0x08000dcc                HAL_UART_MspInit
 .text.HAL_InitTick
                0x08000e5c       0xf8 ./Core/Src/stm32f4xx_hal_timebase_tim.o
                0x08000e5c                HAL_InitTick
 .text.NMI_Handler
                0x08000f54        0x8 ./Core/Src/stm32f4xx_it.o
                0x08000f54                NMI_Handler
 .text.HardFault_Handler
                0x08000f5c        0x8 ./Core/Src/stm32f4xx_it.o
                0x08000f5c                HardFault_Handler
 .text.MemManage_Handler
                0x08000f64        0x8 ./Core/Src/stm32f4xx_it.o
                0x08000f64                MemManage_Handler
 .text.BusFault_Handler
                0x08000f6c        0x8 ./Core/Src/stm32f4xx_it.o
                0x08000f6c                BusFault_Handler
 .text.UsageFault_Handler
                0x08000f74        0x8 ./Core/Src/stm32f4xx_it.o
                0x08000f74                UsageFault_Handler
 .text.DebugMon_Handler
                0x08000f7c        0xe ./Core/Src/stm32f4xx_it.o
                0x08000f7c                DebugMon_Handler
 *fill*         0x08000f8a        0x2 
 .text.TIM2_IRQHandler
                0x08000f8c       0x1c ./Core/Src/stm32f4xx_it.o
                0x08000f8c                TIM2_IRQHandler
 .text._sbrk    0x08000fa8       0x6c ./Core/Src/sysmem.o
                0x08000fa8                _sbrk
 .text.SystemInit
                0x08001014       0x24 ./Core/Src/system_stm32f4xx.o
                0x08001014                SystemInit
 .text.MX_USART2_UART_Init
                0x08001038       0x54 ./Core/Src/usart.o
                0x08001038                MX_USART2_UART_Init
 .text.Reset_Handler
                0x0800108c       0x50 ./Core/Startup/startup_stm32f401retx.o
                0x0800108c                Reset_Handler
 .text.Default_Handler
                0x080010dc        0x2 ./Core/Startup/startup_stm32f401retx.o
                0x080010dc                RTC_Alarm_IRQHandler
                0x080010dc                EXTI2_IRQHandler
                0x080010dc                SPI4_IRQHandler
                0x080010dc                TIM1_CC_IRQHandler
                0x080010dc                DMA2_Stream5_IRQHandler
                0x080010dc                DMA1_Stream5_IRQHandler
                0x080010dc                PVD_IRQHandler
                0x080010dc                SDIO_IRQHandler
                0x080010dc                TAMP_STAMP_IRQHandler
                0x080010dc                EXTI3_IRQHandler
                0x080010dc                TIM1_UP_TIM10_IRQHandler
                0x080010dc                I2C3_ER_IRQHandler
                0x080010dc                EXTI0_IRQHandler
                0x080010dc                I2C2_EV_IRQHandler
                0x080010dc                DMA1_Stream2_IRQHandler
                0x080010dc                FPU_IRQHandler
                0x080010dc                DMA2_Stream2_IRQHandler
                0x080010dc                SPI1_IRQHandler
                0x080010dc                TIM1_BRK_TIM9_IRQHandler
                0x080010dc                DMA2_Stream3_IRQHandler
                0x080010dc                USART6_IRQHandler
                0x080010dc                DMA2_Stream0_IRQHandler
                0x080010dc                TIM4_IRQHandler
                0x080010dc                I2C1_EV_IRQHandler
                0x080010dc                DMA1_Stream6_IRQHandler
                0x080010dc                DMA1_Stream1_IRQHandler
                0x080010dc                TIM3_IRQHandler
                0x080010dc                RCC_IRQHandler
                0x080010dc                Default_Handler
                0x080010dc                EXTI15_10_IRQHandler
                0x080010dc                ADC_IRQHandler
                0x080010dc                DMA1_Stream7_IRQHandler
                0x080010dc                TIM5_IRQHandler
                0x080010dc                DMA2_Stream7_IRQHandler
                0x080010dc                I2C3_EV_IRQHandler
                0x080010dc                EXTI9_5_IRQHandler
                0x080010dc                RTC_WKUP_IRQHandler
                0x080010dc                SPI2_IRQHandler
                0x080010dc                DMA1_Stream0_IRQHandler
                0x080010dc                EXTI4_IRQHandler
                0x080010dc                WWDG_IRQHandler
                0x080010dc                OTG_FS_WKUP_IRQHandler
                0x080010dc                TIM1_TRG_COM_TIM11_IRQHandler
                0x080010dc                EXTI1_IRQHandler
                0x080010dc                USART2_IRQHandler
                0x080010dc                I2C2_ER_IRQHandler
                0x080010dc                DMA2_Stream1_IRQHandler
                0x080010dc                FLASH_IRQHandler
                0x080010dc                DMA2_Stream4_IRQHandler
                0x080010dc                USART1_IRQHandler
                0x080010dc                OTG_FS_IRQHandler
                0x080010dc                SPI3_IRQHandler
                0x080010dc                DMA1_Stream4_IRQHandler
                0x080010dc                I2C1_ER_IRQHandler
                0x080010dc                DMA2_Stream6_IRQHandler
                0x080010dc                DMA1_Stream3_IRQHandler
 *fill*         0x080010de        0x2 
 .text.HAL_Init
                0x080010e0       0x44 ./Drivers/STM32F4xx_HAL_Driver/Src/stm32f4xx_hal.o
                0x080010e0                HAL_Init
 .text.HAL_IncTick
                0x08001124       0x28 ./Drivers/STM32F4xx_HAL_Driver/Src/stm32f4xx_hal.o
                0x08001124                HAL_IncTick
 .text.HAL_GetTick
                0x0800114c       0x18 ./Drivers/STM32F4xx_HAL_Driver/Src/stm32f4xx_hal.o
                0x0800114c                HAL_GetTick
 .text.__NVIC_SetPriorityGrouping
                0x08001164       0x48 ./Drivers/STM32F4xx_HAL_Driver/Src/stm32f4xx_hal_cortex.o
 .text.__NVIC_GetPriorityGrouping
                0x080011ac       0x1c ./Drivers/STM32F4xx_HAL_Driver/Src/stm32f4xx_hal_cortex.o
 .text.__NVIC_EnableIRQ
                0x080011c8       0x3c ./Drivers/STM32F4xx_HAL_Driver/Src/stm32f4xx_hal_cortex.o
 .text.__NVIC_SetPriority
                0x08001204       0x54 ./Drivers/STM32F4xx_HAL_Driver/Src/stm32f4xx_hal_cortex.o
 .text.NVIC_EncodePriority
                0x08001258       0x66 ./Drivers/STM32F4xx_HAL_Driver/Src/stm32f4xx_hal_cortex.o
 .text.HAL_NVIC_SetPriorityGrouping
                0x080012be       0x16 ./Drivers/STM32F4xx_HAL_Driver/Src/stm32f4xx_hal_cortex.o
                0x080012be                HAL_NVIC_SetPriorityGrouping
 .text.HAL_NVIC_SetPriority
                0x080012d4       0x38 ./Drivers/STM32F4xx_HAL_Driver/Src/stm32f4xx_hal_cortex.o
                0x080012d4                HAL_NVIC_SetPriority
 .text.HAL_NVIC_EnableIRQ
                0x0800130c       0x1c ./Drivers/STM32F4xx_HAL_Driver/Src/stm32f4xx_hal_cortex.o
                0x0800130c                HAL_NVIC_EnableIRQ
 .text.HAL_GPIO_Init
                0x08001328      0x308 ./Drivers/STM32F4xx_HAL_Driver/Src/stm32f4xx_hal_gpio.o
                0x08001328                HAL_GPIO_Init
 .text.HAL_GPIO_WritePin
                0x08001630       0x32 ./Drivers/STM32F4xx_HAL_Driver/Src/stm32f4xx_hal_gpio.o
                0x08001630                HAL_GPIO_WritePin
 *fill*         0x08001662        0x2 
 .text.HAL_RCC_OscConfig
                0x08001664      0x4f0 ./Drivers/STM32F4xx_HAL_Driver/Src/stm32f4xx_hal_rcc.o
                0x08001664                HAL_RCC_OscConfig
 .text.HAL_RCC_ClockConfig
                0x08001b54      0x1cc ./Drivers/STM32F4xx_HAL_Driver/Src/stm32f4xx_hal_rcc.o
                0x08001b54                HAL_RCC_ClockConfig
 .text.HAL_RCC_GetSysClockFreq
                0x08001d20      0x20c ./Drivers/STM32F4xx_HAL_Driver/Src/stm32f4xx_hal_rcc.o
                0x08001d20                HAL_RCC_GetSysClockFreq
 .text.HAL_RCC_GetHCLKFreq
                0x08001f2c       0x18 ./Drivers/STM32F4xx_HAL_Driver/Src/stm32f4xx_hal_rcc.o
                0x08001f2c                HAL_RCC_GetHCLKFreq
 .text.HAL_RCC_GetPCLK1Freq
                0x08001f44       0x28 ./Drivers/STM32F4xx_HAL_Driver/Src/stm32f4xx_hal_rcc.o
                0x08001f44                HAL_RCC_GetPCLK1Freq
 .text.HAL_RCC_GetPCLK2Freq
                0x08001f6c       0x28 ./Drivers/STM32F4xx_HAL_Driver/Src/stm32f4xx_hal_rcc.o
                0x08001f6c                HAL_RCC_GetPCLK2Freq
 .text.HAL_RCC_GetClockConfig
                0x08001f94       0x64 ./Drivers/STM32F4xx_HAL_Driver/Src/stm32f4xx_hal_rcc.o
                0x08001f94                HAL_RCC_GetClockConfig
 .text.HAL_TIM_Base_Init
                0x08001ff8       0x9e ./Drivers/STM32F4xx_HAL_Driver/Src/stm32f4xx_hal_tim.o
                0x08001ff8                HAL_TIM_Base_Init
 .text.HAL_TIM_Base_MspInit
                0x08002096       0x14 ./Drivers/STM32F4xx_HAL_Driver/Src/stm32f4xx_hal_tim.o
                0x08002096                HAL_TIM_Base_MspInit
 *fill*         0x080020aa        0x2 
 .text.HAL_TIM_Base_Start_IT
                0x080020ac       0xc4 ./Drivers/STM32F4xx_HAL_Driver/Src/stm32f4xx_hal_tim.o
                0x080020ac                HAL_TIM_Base_Start_IT
 .text.HAL_TIM_IRQHandler
                0x08002170      0x1e0 ./Drivers/STM32F4xx_HAL_Driver/Src/stm32f4xx_hal_tim.o
                0x08002170                HAL_TIM_IRQHandler
 .text.HAL_TIM_OC_DelayElapsedCallback
                0x08002350       0x14 ./Drivers/STM32F4xx_HAL_Driver/Src/stm32f4xx_hal_tim.o
                0x08002350                HAL_TIM_OC_DelayElapsedCallback
 .text.HAL_TIM_IC_CaptureCallback
                0x08002364       0x14 ./Drivers/STM32F4xx_HAL_Driver/Src/stm32f4xx_hal_tim.o
                0x08002364                HAL_TIM_IC_CaptureCallback
 .text.HAL_TIM_PWM_PulseFinishedCallback
                0x08002378       0x14 ./Drivers/STM32F4xx_HAL_Driver/Src/stm32f4xx_hal_tim.o
                0x08002378                HAL_TIM_PWM_PulseFinishedCallback
 .text.HAL_TIM_TriggerCallback
                0x0800238c       0x14 ./Drivers/STM32F4xx_HAL_Driver/Src/stm32f4xx_hal_tim.o
                0x0800238c                HAL_TIM_TriggerCallback
 .text.TIM_Base_SetConfig
                0x080023a0      0x10c ./Drivers/STM32F4xx_HAL_Driver/Src/stm32f4xx_hal_tim.o
                0x080023a0                TIM_Base_SetConfig
 .text.HAL_TIMEx_CommutCallback
                0x080024ac       0x14 ./Drivers/STM32F4xx_HAL_Driver/Src/stm32f4xx_hal_tim_ex.o
                0x080024ac                HAL_TIMEx_CommutCallback
 .text.HAL_TIMEx_BreakCallback
                0x080024c0       0x14 ./Drivers/STM32F4xx_HAL_Driver/Src/stm32f4xx_hal_tim_ex.o
                0x080024c0                HAL_TIMEx_BreakCallback
 .text.HAL_UART_Init
                0x080024d4       0xa0 ./Drivers/STM32F4xx_HAL_Driver/Src/stm32f4xx_hal_uart.o
                0x080024d4                HAL_UART_Init
 .text.HAL_UART_Transmit
                0x08002574      0x116 ./Drivers/STM32F4xx_HAL_Driver/Src/stm32f4xx_hal_uart.o
                0x08002574                HAL_UART_Transmit
 .text.UART_WaitOnFlagUntilTimeout
                0x0800268a       0xb2 ./Drivers/STM32F4xx_HAL_Driver/Src/stm32f4xx_hal_uart.o
 .text.UART_EndRxTransfer
                0x0800273c       0xc6 ./Drivers/STM32F4xx_HAL_Driver/Src/stm32f4xx_hal_uart.o
 *fill*         0x08002802        0x2 
 .text.UART_SetConfig
                0x08002804      0x4e8 ./Drivers/STM32F4xx_HAL_Driver/Src/stm32f4xx_hal_uart.o
 .text.SysTick_Handler
                0x08002cec       0x1c ./Middlewares/Third_Party/MyRTOS/Source/CMSIS_RTOS_V2/cmsis_os2.o
                0x08002cec                SysTick_Handler
 .text.vApplicationGetIdleTaskMemory
                0x08002d08       0x34 ./Middlewares/Third_Party/MyRTOS/Source/CMSIS_RTOS_V2/cmsis_os2.o
                0x08002d08                vApplicationGetIdleTaskMemory
 .text.vApplicationGetTimerTaskMemory
                0x08002d3c       0x34 ./Middlewares/Third_Party/MyRTOS/Source/CMSIS_RTOS_V2/cmsis_os2.o
                0x08002d3c                vApplicationGetTimerTaskMemory
 .text.vListInitialise
                0x08002d70       0x40 ./Middlewares/Third_Party/MyRTOS/Source/list.o
                0x08002d70                vListInitialise
 .text.vListInitialiseItem
                0x08002db0       0x1a ./Middlewares/Third_Party/MyRTOS/Source/list.o
                0x08002db0                vListInitialiseItem
 .text.vListInsertEnd
                0x08002dca       0x48 ./Middlewares/Third_Party/MyRTOS/Source/list.o
                0x08002dca                vListInsertEnd
 .text.vListInsert
                0x08002e12       0x72 ./Middlewares/Third_Party/MyRTOS/Source/list.o
                0x08002e12                vListInsert
 .text.uxListRemove
                0x08002e84       0x54 ./Middlewares/Third_Party/MyRTOS/Source/list.o
                0x08002e84                uxListRemove
 .text.xQueueGenericReset
                0x08002ed8       0xd4 ./Middlewares/Third_Party/MyRTOS/Source/queue.o
                0x08002ed8                xQueueGenericReset
 .text.xQueueGenericCreateStatic
                0x08002fac       0xfa ./Middlewares/Third_Party/MyRTOS/Source/queue.o
                0x08002fac                xQueueGenericCreateStatic
 .text.prvInitialiseNewQueue
                0x080030a6       0x46 ./Middlewares/Third_Party/MyRTOS/Source/queue.o
 .text.xQueueGenericSend
                0x080030ec      0x204 ./Middlewares/Third_Party/MyRTOS/Source/queue.o
                0x080030ec                xQueueGenericSend
 .text.xQueueGenericSendFromISR
                0x080032f0      0x13c ./Middlewares/Third_Party/MyRTOS/Source/queue.o
                0x080032f0                xQueueGenericSendFromISR
 .text.xQueueReceive
                0x0800342c      0x1c4 ./Middlewares/Third_Party/MyRTOS/Source/queue.o
                0x0800342c                xQueueReceive
 .text.prvCopyDataToQueue
                0x080035f0       0xd4 ./Middlewares/Third_Party/MyRTOS/Source/queue.o
 .text.prvCopyDataFromQueue
                0x080036c4       0x4c ./Middlewares/Third_Party/MyRTOS/Source/queue.o
 .text.prvUnlockQueue
                0x08003710       0xa4 ./Middlewares/Third_Party/MyRTOS/Source/queue.o
 .text.prvIsQueueEmpty
                0x080037b4       0x2c ./Middlewares/Third_Party/MyRTOS/Source/queue.o
 .text.prvIsQueueFull
                0x080037e0       0x30 ./Middlewares/Third_Party/MyRTOS/Source/queue.o
 .text.vQueueAddToRegistry
                0x08003810       0x54 ./Middlewares/Third_Party/MyRTOS/Source/queue.o
                0x08003810                vQueueAddToRegistry
 .text.vQueueWaitForMessageRestricted
                0x08003864       0x68 ./Middlewares/Third_Party/MyRTOS/Source/queue.o
                0x08003864                vQueueWaitForMessageRestricted
 .text.xTaskCreateStatic
                0x080038cc       0xc0 ./Middlewares/Third_Party/MyRTOS/Source/tasks.o
                0x080038cc                xTaskCreateStatic
 .text.xTaskCreate
                0x0800398c       0x8a ./Middlewares/Third_Party/MyRTOS/Source/tasks.o
                0x0800398c                xTaskCreate
 .text.prvInitialiseNewTask
                0x08003a16      0x120 ./Middlewares/Third_Party/MyRTOS/Source/tasks.o
 *fill*         0x08003b36        0x2 
 .text.prvAddNewTaskToReadyList
                0x08003b38       0xe0 ./Middlewares/Third_Party/MyRTOS/Source/tasks.o
 .text.vTaskDelay
                0x08003c18       0x6c ./Middlewares/Third_Party/MyRTOS/Source/tasks.o
                0x08003c18                vTaskDelay
 .text.vTaskStartScheduler
                0x08003c84       0xd0 ./Middlewares/Third_Party/MyRTOS/Source/tasks.o
                0x08003c84                vTaskStartScheduler
 .text.vTaskSuspendAll
                0x08003d54       0x1c ./Middlewares/Third_Party/MyRTOS/Source/tasks.o
                0x08003d54                vTaskSuspendAll
 .text.xTaskResumeAll
                0x08003d70      0x13c ./Middlewares/Third_Party/MyRTOS/Source/tasks.o
                0x08003d70                xTaskResumeAll
 .text.xTaskGetTickCount
                0x08003eac       0x20 ./Middlewares/Third_Party/MyRTOS/Source/tasks.o
                0x08003eac                xTaskGetTickCount
 .text.xTaskIncrementTick
                0x08003ecc      0x174 ./Middlewares/Third_Party/MyRTOS/Source/tasks.o
                0x08003ecc                xTaskIncrementTick
 .text.vTaskSwitchContext
                0x08004040       0xbc ./Middlewares/Third_Party/MyRTOS/Source/tasks.o
                0x08004040                vTaskSwitchContext
 .text.vTaskPlaceOnEventList
                0x080040fc       0x4c ./Middlewares/Third_Party/MyRTOS/Source/tasks.o
                0x080040fc                vTaskPlaceOnEventList
 .text.vTaskPlaceOnEventListRestricted
                0x08004148       0x58 ./Middlewares/Third_Party/MyRTOS/Source/tasks.o
                0x08004148                vTaskPlaceOnEventListRestricted
 .text.xTaskRemoveFromEventList
                0x080041a0       0xc8 ./Middlewares/Third_Party/MyRTOS/Source/tasks.o
                0x080041a0                xTaskRemoveFromEventList
 .text.vTaskInternalSetTimeOutState
                0x08004268       0x2c ./Middlewares/Third_Party/MyRTOS/Source/tasks.o
                0x08004268                vTaskInternalSetTimeOutState
 .text.xTaskCheckForTimeOut
                0x08004294       0xc8 ./Middlewares/Third_Party/MyRTOS/Source/tasks.o
                0x08004294                xTaskCheckForTimeOut
 .text.vTaskMissedYield
                0x0800435c       0x18 ./Middlewares/Third_Party/MyRTOS/Source/tasks.o
                0x0800435c                vTaskMissedYield
 .text.prvIdleTask
                0x08004374       0x30 ./Middlewares/Third_Party/MyRTOS/Source/tasks.o
 .text.prvInitialiseTaskLists
                0x080043a4       0x80 ./Middlewares/Third_Party/MyRTOS/Source/tasks.o
 .text.prvCheckTasksWaitingTermination
                0x08004424       0x5c ./Middlewares/Third_Party/MyRTOS/Source/tasks.o
 .text.prvDeleteTCB
                0x08004480       0x60 ./Middlewares/Third_Party/MyRTOS/Source/tasks.o
 .text.prvResetNextTaskUnblockTime
                0x080044e0       0x40 ./Middlewares/Third_Party/MyRTOS/Source/tasks.o
 .text.xTaskGetSchedulerState
                0x08004520       0x3c ./Middlewares/Third_Party/MyRTOS/Source/tasks.o
                0x08004520                xTaskGetSchedulerState
 .text.xTaskPriorityDisinherit
                0x0800455c       0xe0 ./Middlewares/Third_Party/MyRTOS/Source/tasks.o
                0x0800455c                xTaskPriorityDisinherit
 .text.prvAddCurrentTaskToDelayedList
                0x0800463c       0xa8 ./Middlewares/Third_Party/MyRTOS/Source/tasks.o
 .text.xTimerCreateTimerTask
                0x080046e4       0x94 ./Middlewares/Third_Party/MyRTOS/Source/timers.o
                0x080046e4                xTimerCreateTimerTask
 .text.xTimerGenericCommand
                0x08004778       0x9c ./Middlewares/Third_Party/MyRTOS/Source/timers.o
                0x08004778                xTimerGenericCommand
 .text.prvProcessExpiredTimer
                0x08004814       0x9c ./Middlewares/Third_Party/MyRTOS/Source/timers.o
 .text.prvTimerTask
                0x080048b0       0x26 ./Middlewares/Third_Party/MyRTOS/Source/timers.o
 *fill*         0x080048d6        0x2 
 .text.prvProcessTimerOrBlockTask
                0x080048d8       0x9c ./Middlewares/Third_Party/MyRTOS/Source/timers.o
 .text.prvGetNextExpireTime
                0x08004974       0x48 ./Middlewares/Third_Party/MyRTOS/Source/timers.o
 .text.prvSampleTimeNow
                0x080049bc       0x40 ./Middlewares/Third_Party/MyRTOS/Source/timers.o
 .text.prvInsertTimerInActiveList
                0x080049fc       0x84 ./Middlewares/Third_Party/MyRTOS/Source/timers.o
 .text.prvProcessReceivedCommands
                0x08004a80      0x1cc ./Middlewares/Third_Party/MyRTOS/Source/timers.o
 .text.prvSwitchTimerLists
                0x08004c4c       0xcc ./Middlewares/Third_Party/MyRTOS/Source/timers.o
 .text.prvCheckForValidListAndQueue
                0x08004d18       0x80 ./Middlewares/Third_Party/MyRTOS/Source/timers.o
 .text.pxPortInitialiseStack
                0x08004d98       0x68 ./Middlewares/Third_Party/MyRTOS/Source/portable/GCC/ARM_CM4F/port.o
                0x08004d98                pxPortInitialiseStack
 .text.prvTaskExitError
                0x08004e00       0x5c ./Middlewares/Third_Party/MyRTOS/Source/portable/GCC/ARM_CM4F/port.o
 *fill*         0x08004e5c        0x4 
 .text.SVC_Handler
                0x08004e60       0x28 ./Middlewares/Third_Party/MyRTOS/Source/portable/GCC/ARM_CM4F/port.o
                0x08004e60                SVC_Handler
 .text.prvPortStartFirstTask
                0x08004e88       0x28 ./Middlewares/Third_Party/MyRTOS/Source/portable/GCC/ARM_CM4F/port.o
 .text.xPortStartScheduler
                0x08004eb0      0x148 ./Middlewares/Third_Party/MyRTOS/Source/portable/GCC/ARM_CM4F/port.o
                0x08004eb0                xPortStartScheduler
 .text.vPortEnterCritical
                0x08004ff8       0x64 ./Middlewares/Third_Party/MyRTOS/Source/portable/GCC/ARM_CM4F/port.o
                0x08004ff8                vPortEnterCritical
 .text.vPortExitCritical
                0x0800505c       0x54 ./Middlewares/Third_Party/MyRTOS/Source/portable/GCC/ARM_CM4F/port.o
                0x0800505c                vPortExitCritical
 .text.PendSV_Handler
                0x080050b0       0xa0 ./Middlewares/Third_Party/MyRTOS/Source/portable/GCC/ARM_CM4F/port.o
                0x080050b0                PendSV_Handler
 .text.xPortSysTickHandler
                0x08005150       0x44 ./Middlewares/Third_Party/MyRTOS/Source/portable/GCC/ARM_CM4F/port.o
                0x08005150                xPortSysTickHandler
 .text.vPortSetupTimerInterrupt
                0x08005194       0x48 ./Middlewares/Third_Party/MyRTOS/Source/portable/GCC/ARM_CM4F/port.o
                0x08005194                vPortSetupTimerInterrupt
 .text.vPortEnableVFP
                0x080051dc       0x14 ./Middlewares/Third_Party/MyRTOS/Source/portable/GCC/ARM_CM4F/port.o
 .text.vPortValidateInterruptPriority
                0x080051f0       0x84 ./Middlewares/Third_Party/MyRTOS/Source/portable/GCC/ARM_CM4F/port.o
                0x080051f0                vPortValidateInterruptPriority
 .text.pvPortMalloc
                0x08005274      0x19c ./Middlewares/Third_Party/MyRTOS/Source/portable/MemMang/heap_4.o
                0x08005274                pvPortMalloc
 .text.vPortFree
                0x08005410       0xc8 ./Middlewares/Third_Party/MyRTOS/Source/portable/MemMang/heap_4.o
                0x08005410                vPortFree
 .text.prvHeapInit
                0x080054d8       0xc4 ./Middlewares/Third_Party/MyRTOS/Source/portable/MemMang/heap_4.o
 .text.prvInsertBlockIntoFreeList
                0x0800559c       0xb4 ./Middlewares/Third_Party/MyRTOS/Source/portable/MemMang/heap_4.o
 .text._vsnprintf_r
                0x08005650       0x5c D:/STM32CubeIDE_2.2.0/STM32CubeIDE/plugins/com.st.stm32cube.ide.mcu.externaltools.gnu-tools-for-stm32.14.3.rel1.win32_1.0.100.202602081740/tools/bin/../lib/gcc/arm-none-eabi/14.3.1/../../../../arm-none-eabi/lib/thumb/v7e-m+fp/hard\libc_nano.a(libc_a-vsnprintf.o)
                0x08005650                _vsniprintf_r
                0x08005650                _vsnprintf_r
 .text.vsnprintf
                0x080056ac       0x1c D:/STM32CubeIDE_2.2.0/STM32CubeIDE/plugins/com.st.stm32cube.ide.mcu.externaltools.gnu-tools-for-stm32.14.3.rel1.win32_1.0.100.202602081740/tools/bin/../lib/gcc/arm-none-eabi/14.3.1/../../../../arm-none-eabi/lib/thumb/v7e-m+fp/hard\libc_nano.a(libc_a-vsnprintf.o)
                0x080056ac                vsniprintf
                0x080056ac                vsnprintf
 .text.memset   0x080056c8       0x10 D:/STM32CubeIDE_2.2.0/STM32CubeIDE/plugins/com.st.stm32cube.ide.mcu.externaltools.gnu-tools-for-stm32.14.3.rel1.win32_1.0.100.202602081740/tools/bin/../lib/gcc/arm-none-eabi/14.3.1/../../../../arm-none-eabi/lib/thumb/v7e-m+fp/hard\libc_nano.a(libc_a-memset.o)
                0x080056c8                memset
 .text.__errno  0x080056d8        0xc D:/STM32CubeIDE_2.2.0/STM32CubeIDE/plugins/com.st.stm32cube.ide.mcu.externaltools.gnu-tools-for-stm32.14.3.rel1.win32_1.0.100.202602081740/tools/bin/../lib/gcc/arm-none-eabi/14.3.1/../../../../arm-none-eabi/lib/thumb/v7e-m+fp/hard\libc_nano.a(libc_a-errno.o)
                0x080056d8                __errno
 .text.__libc_init_array
                0x080056e4       0x48 D:/STM32CubeIDE_2.2.0/STM32CubeIDE/plugins/com.st.stm32cube.ide.mcu.externaltools.gnu-tools-for-stm32.14.3.rel1.win32_1.0.100.202602081740/tools/bin/../lib/gcc/arm-none-eabi/14.3.1/../../../../arm-none-eabi/lib/thumb/v7e-m+fp/hard\libc_nano.a(libc_a-init.o)
                0x080056e4                __libc_init_array
 .text.__retarget_lock_acquire_recursive
                0x0800572c        0x2 D:/STM32CubeIDE_2.2.0/STM32CubeIDE/plugins/com.st.stm32cube.ide.mcu.externaltools.gnu-tools-for-stm32.14.3.rel1.win32_1.0.100.202602081740/tools/bin/../lib/gcc/arm-none-eabi/14.3.1/../../../../arm-none-eabi/lib/thumb/v7e-m+fp/hard\libc_nano.a(libc_a-lock.o)
                0x0800572c                __retarget_lock_acquire_recursive
 .text.__retarget_lock_release_recursive
                0x0800572e        0x2 D:/STM32CubeIDE_2.2.0/STM32CubeIDE/plugins/com.st.stm32cube.ide.mcu.externaltools.gnu-tools-for-stm32.14.3.rel1.win32_1.0.100.202602081740/tools/bin/../lib/gcc/arm-none-eabi/14.3.1/../../../../arm-none-eabi/lib/thumb/v7e-m+fp/hard\libc_nano.a(libc_a-lock.o)
                0x0800572e                __retarget_lock_release_recursive
 .text.memcpy   0x08005730       0x1c D:/STM32CubeIDE_2.2.0/STM32CubeIDE/plugins/com.st.stm32cube.ide.mcu.externaltools.gnu-tools-for-stm32.14.3.rel1.win32_1.0.100.202602081740/tools/bin/../lib/gcc/arm-none-eabi/14.3.1/../../../../arm-none-eabi/lib/thumb/v7e-m+fp/hard\libc_nano.a(libc_a-memcpy-stub.o)
                0x08005730                memcpy
 .text._free_r  0x0800574c       0x94 D:/STM32CubeIDE_2.2.0/STM32CubeIDE/plugins/com.st.stm32cube.ide.mcu.externaltools.gnu-tools-for-stm32.14.3.rel1.win32_1.0.100.202602081740/tools/bin/../lib/gcc/arm-none-eabi/14.3.1/../../../../arm-none-eabi/lib/thumb/v7e-m+fp/hard\libc_nano.a(libc_a-freer.o)
                0x0800574c                _free_r
 .text.sbrk_aligned
                0x080057e0       0x44 D:/STM32CubeIDE_2.2.0/STM32CubeIDE/plugins/com.st.stm32cube.ide.mcu.externaltools.gnu-tools-for-stm32.14.3.rel1.win32_1.0.100.202602081740/tools/bin/../lib/gcc/arm-none-eabi/14.3.1/../../../../arm-none-eabi/lib/thumb/v7e-m+fp/hard\libc_nano.a(libc_a-mallocr.o)
 .text._malloc_r
                0x08005824      0x100 D:/STM32CubeIDE_2.2.0/STM32CubeIDE/plugins/com.st.stm32cube.ide.mcu.externaltools.gnu-tools-for-stm32.14.3.rel1.win32_1.0.100.202602081740/tools/bin/../lib/gcc/arm-none-eabi/14.3.1/../../../../arm-none-eabi/lib/thumb/v7e-m+fp/hard\libc_nano.a(libc_a-mallocr.o)
                0x08005824                _malloc_r
 .text.__malloc_lock
                0x08005924        0xc D:/STM32CubeIDE_2.2.0/STM32CubeIDE/plugins/com.st.stm32cube.ide.mcu.externaltools.gnu-tools-for-stm32.14.3.rel1.win32_1.0.100.202602081740/tools/bin/../lib/gcc/arm-none-eabi/14.3.1/../../../../arm-none-eabi/lib/thumb/v7e-m+fp/hard\libc_nano.a(libc_a-mlock.o)
                0x08005924                __malloc_lock
 .text.__malloc_unlock
                0x08005930        0xc D:/STM32CubeIDE_2.2.0/STM32CubeIDE/plugins/com.st.stm32cube.ide.mcu.externaltools.gnu-tools-for-stm32.14.3.rel1.win32_1.0.100.202602081740/tools/bin/../lib/gcc/arm-none-eabi/14.3.1/../../../../arm-none-eabi/lib/thumb/v7e-m+fp/hard\libc_nano.a(libc_a-mlock.o)
                0x08005930                __malloc_unlock
 .text.__ssputs_r
                0x0800593c       0xc0 D:/STM32CubeIDE_2.2.0/STM32CubeIDE/plugins/com.st.stm32cube.ide.mcu.externaltools.gnu-tools-for-stm32.14.3.rel1.win32_1.0.100.202602081740/tools/bin/../lib/gcc/arm-none-eabi/14.3.1/../../../../arm-none-eabi/lib/thumb/v7e-m+fp/hard\libc_nano.a(libc_a-nano-svfprintf.o)
                0x0800593c                __ssputs_r
 .text._svfprintf_r
                0x080059fc      0x1f0 D:/STM32CubeIDE_2.2.0/STM32CubeIDE/plugins/com.st.stm32cube.ide.mcu.externaltools.gnu-tools-for-stm32.14.3.rel1.win32_1.0.100.202602081740/tools/bin/../lib/gcc/arm-none-eabi/14.3.1/../../../../arm-none-eabi/lib/thumb/v7e-m+fp/hard\libc_nano.a(libc_a-nano-svfprintf.o)
                0x080059fc                _svfiprintf_r
                0x080059fc                _svfprintf_r
 .text._printf_common
                0x08005bec       0xda D:/STM32CubeIDE_2.2.0/STM32CubeIDE/plugins/com.st.stm32cube.ide.mcu.externaltools.gnu-tools-for-stm32.14.3.rel1.win32_1.0.100.202602081740/tools/bin/../lib/gcc/arm-none-eabi/14.3.1/../../../../arm-none-eabi/lib/thumb/v7e-m+fp/hard\libc_nano.a(libc_a-nano-vfprintf_i.o)
                0x08005bec                _printf_common
 *fill*         0x08005cc6        0x2 
 .text._printf_i
                0x08005cc8      0x24c D:/STM32CubeIDE_2.2.0/STM32CubeIDE/plugins/com.st.stm32cube.ide.mcu.externaltools.gnu-tools-for-stm32.14.3.rel1.win32_1.0.100.202602081740/tools/bin/../lib/gcc/arm-none-eabi/14.3.1/../../../../arm-none-eabi/lib/thumb/v7e-m+fp/hard\libc_nano.a(libc_a-nano-vfprintf_i.o)
                0x08005cc8                _printf_i
 .text.memmove  0x08005f14       0x32 D:/STM32CubeIDE_2.2.0/STM32CubeIDE/plugins/com.st.stm32cube.ide.mcu.externaltools.gnu-tools-for-stm32.14.3.rel1.win32_1.0.100.202602081740/tools/bin/../lib/gcc/arm-none-eabi/14.3.1/../../../../arm-none-eabi/lib/thumb/v7e-m+fp/hard\libc_nano.a(libc_a-memmove.o)
                0x08005f14                memmove
 *fill*         0x08005f46        0x2 
 .text._sbrk_r  0x08005f48       0x20 D:/STM32CubeIDE_2.2.0/STM32CubeIDE/plugins/com.st.stm32cube.ide.mcu.externaltools.gnu-tools-for-stm32.14.3.rel1.win32_1.0.100.202602081740/tools/bin/../lib/gcc/arm-none-eabi/14.3.1/../../../../arm-none-eabi/lib/thumb/v7e-m+fp/hard\libc_nano.a(libc_a-sbrkr.o)
                0x08005f48                _sbrk_r
 .text._realloc_r
                0x08005f68       0x5c D:/STM32CubeIDE_2.2.0/STM32CubeIDE/plugins/com.st.stm32cube.ide.mcu.externaltools.gnu-tools-for-stm32.14.3.rel1.win32_1.0.100.202602081740/tools/bin/../lib/gcc/arm-none-eabi/14.3.1/../../../../arm-none-eabi/lib/thumb/v7e-m+fp/hard\libc_nano.a(libc_a-reallocr.o)
                0x08005f68                _realloc_r
 .text._malloc_usable_size_r
                0x08005fc4       0x10 D:/STM32CubeIDE_2.2.0/STM32CubeIDE/plugins/com.st.stm32cube.ide.mcu.externaltools.gnu-tools-for-stm32.14.3.rel1.win32_1.0.100.202602081740/tools/bin/../lib/gcc/arm-none-eabi/14.3.1/../../../../arm-none-eabi/lib/thumb/v7e-m+fp/hard\libc_nano.a(libc_a-msizer.o)
                0x08005fc4                _malloc_usable_size_r
 *(.glue_7)
 .glue_7        0x08005fd4        0x0 linker stubs
 *(.glue_7t)
 .glue_7t       0x08005fd4        0x0 linker stubs
 *(.eh_frame)
 .eh_frame      0x08005fd4        0x0 D:/STM32CubeIDE_2.2.0/STM32CubeIDE/plugins/com.st.stm32cube.ide.mcu.externaltools.gnu-tools-for-stm32.14.3.rel1.win32_1.0.100.202602081740/tools/bin/../lib/gcc/arm-none-eabi/14.3.1/thumb/v7e-m+fp/hard/crtbegin.o
 *(.init)
 .init          0x08005fd4        0x4 D:/STM32CubeIDE_2.2.0/STM32CubeIDE/plugins/com.st.stm32cube.ide.mcu.externaltools.gnu-tools-for-stm32.14.3.rel1.win32_1.0.100.202602081740/tools/bin/../lib/gcc/arm-none-eabi/14.3.1/thumb/v7e-m+fp/hard/crti.o
                0x08005fd4                _init
 .init          0x08005fd8        0x8 D:/STM32CubeIDE_2.2.0/STM32CubeIDE/plugins/com.st.stm32cube.ide.mcu.externaltools.gnu-tools-for-stm32.14.3.rel1.win32_1.0.100.202602081740/tools/bin/../lib/gcc/arm-none-eabi/14.3.1/thumb/v7e-m+fp/hard/crtn.o
 *(.fini)
 .fini          0x08005fe0        0x4 D:/STM32CubeIDE_2.2.0/STM32CubeIDE/plugins/com.st.stm32cube.ide.mcu.externaltools.gnu-tools-for-stm32.14.3.rel1.win32_1.0.100.202602081740/tools/bin/../lib/gcc/arm-none-eabi/14.3.1/thumb/v7e-m+fp/hard/crti.o
                0x08005fe0                _fini
 .fini          0x08005fe4        0x8 D:/STM32CubeIDE_2.2.0/STM32CubeIDE/plugins/com.st.stm32cube.ide.mcu.externaltools.gnu-tools-for-stm32.14.3.rel1.win32_1.0.100.202602081740/tools/bin/../lib/gcc/arm-none-eabi/14.3.1/thumb/v7e-m+fp/hard/crtn.o
                0x08005fec                        . = ALIGN (0x4)
                0x08005fec                        _etext = .

.vfp11_veneer   0x08005fec        0x0
 .vfp11_veneer  0x08005fec        0x0 linker stubs

.v4_bx          0x08005fec        0x0
 .v4_bx         0x08005fec        0x0 linker stubs

.iplt           0x08005fec        0x0
 .iplt          0x08005fec        0x0 D:/STM32CubeIDE_2.2.0/STM32CubeIDE/plugins/com.st.stm32cube.ide.mcu.externaltools.gnu-tools-for-stm32.14.3.rel1.win32_1.0.100.202602081740/tools/bin/../lib/gcc/arm-none-eabi/14.3.1/thumb/v7e-m+fp/hard/crtbegin.o

.rodata         0x08005fec      0x454
                0x08005fec                        . = ALIGN (0x4)
 *(.rodata)
 .rodata        0x08005fec       0xfe ./Core/Src/checkpoint.o
 *fill*         0x080060ea        0x2 
 .rodata        0x080060ec      0x176 ./Core/Src/main.o
 *fill*         0x08006262        0x2 
 .rodata        0x08006264      0x178 ./Core/Src/power_sim.o
 .rodata        0x080063dc        0x5 ./Middlewares/Third_Party/MyRTOS/Source/tasks.o
 *fill*         0x080063e1        0x3 
 .rodata        0x080063e4        0xd ./Middlewares/Third_Party/MyRTOS/Source/timers.o
 *(.rodata*)
 *fill*         0x080063f1        0x3 
 .rodata.AHBPrescTable
                0x080063f4       0x10 ./Core/Src/system_stm32f4xx.o
                0x080063f4                AHBPrescTable
 .rodata.APBPrescTable
                0x08006404        0x8 ./Core/Src/system_stm32f4xx.o
                0x08006404                APBPrescTable
 .rodata._svfprintf_r.str1.1
                0x0800640c       0x33 D:/STM32CubeIDE_2.2.0/STM32CubeIDE/plugins/com.st.stm32cube.ide.mcu.externaltools.gnu-tools-for-stm32.14.3.rel1.win32_1.0.100.202602081740/tools/bin/../lib/gcc/arm-none-eabi/14.3.1/../../../../arm-none-eabi/lib/thumb/v7e-m+fp/hard\libc_nano.a(libc_a-nano-svfprintf.o)
                                 0x11 (size before relaxing)
 .rodata._printf_i.str1.1
                0x0800643f       0x22 D:/STM32CubeIDE_2.2.0/STM32CubeIDE/plugins/com.st.stm32cube.ide.mcu.externaltools.gnu-tools-for-stm32.14.3.rel1.win32_1.0.100.202602081740/tools/bin/../lib/gcc/arm-none-eabi/14.3.1/../../../../arm-none-eabi/lib/thumb/v7e-m+fp/hard\libc_nano.a(libc_a-nano-vfprintf_i.o)
                0x08006464                        . = ALIGN (0x4)
 *fill*         0x0800643f        0x1 

.ARM.extab      0x08006440        0x0
                0x08006440                        . = ALIGN (0x4)
 *(.ARM.extab* .gnu.linkonce.armextab.*)
                0x08006440                        . = ALIGN (0x4)

.ARM            0x08006440        0x8
                0x08006440                        . = ALIGN (0x4)
                0x08006440                        __exidx_start = .
 *(.ARM.exidx*)
 .ARM.exidx     0x08006440        0x8 D:/STM32CubeIDE_2.2.0/STM32CubeIDE/plugins/com.st.stm32cube.ide.mcu.externaltools.gnu-tools-for-stm32.14.3.rel1.win32_1.0.100.202602081740/tools/bin/../lib/gcc/arm-none-eabi/14.3.1/../../../../arm-none-eabi/lib/thumb/v7e-m+fp/hard\libc_nano.a(libc_a-strlen.o)
 .ARM.exidx     0x08006448        0x0 D:/STM32CubeIDE_2.2.0/STM32CubeIDE/plugins/com.st.stm32cube.ide.mcu.externaltools.gnu-tools-for-stm32.14.3.rel1.win32_1.0.100.202602081740/tools/bin/../lib/gcc/arm-none-eabi/14.3.1/../../../../arm-none-eabi/lib/thumb/v7e-m+fp/hard\libc_nano.a(libc_a-memchr.o)
                                  0x8 (size before relaxing)
 .ARM.exidx     0x08006448        0x0 D:/STM32CubeIDE_2.2.0/STM32CubeIDE/plugins/com.st.stm32cube.ide.mcu.externaltools.gnu-tools-for-stm32.14.3.rel1.win32_1.0.100.202602081740/tools/bin/../lib/gcc/arm-none-eabi/14.3.1/thumb/v7e-m+fp/hard\libgcc.a(_udivmoddi4.o)
                                  0x8 (size before relaxing)
                0x08006448                        __exidx_end = .
                0x08006448                        . = ALIGN (0x4)

.preinit_array  0x08006448        0x0
                0x08006448                        . = ALIGN (0x4)
                0x08006448                        PROVIDE (__preinit_array_start = .)
 *(.preinit_array*)
                0x08006448                        PROVIDE (__preinit_array_end = .)
                0x08006448                        . = ALIGN (0x4)

.init_array     0x08006448        0x4
                0x08006448                        . = ALIGN (0x4)
                0x08006448                        PROVIDE (__init_array_start = .)
 *(SORT_BY_NAME(.init_array.*))
 *(.init_array*)
 .init_array    0x08006448        0x4 D:/STM32CubeIDE_2.2.0/STM32CubeIDE/plugins/com.st.stm32cube.ide.mcu.externaltools.gnu-tools-for-stm32.14.3.rel1.win32_1.0.100.202602081740/tools/bin/../lib/gcc/arm-none-eabi/14.3.1/thumb/v7e-m+fp/hard/crtbegin.o
                0x0800644c                        PROVIDE (__init_array_end = .)
                0x0800644c                        . = ALIGN (0x4)

.fini_array     0x0800644c        0x4
                0x0800644c                        . = ALIGN (0x4)
                [!provide]                        PROVIDE (__fini_array_start = .)
 *(SORT_BY_NAME(.fini_array.*))
 *(.fini_array*)
 .fini_array    0x0800644c        0x4 D:/STM32CubeIDE_2.2.0/STM32CubeIDE/plugins/com.st.stm32cube.ide.mcu.externaltools.gnu-tools-for-stm32.14.3.rel1.win32_1.0.100.202602081740/tools/bin/../lib/gcc/arm-none-eabi/14.3.1/thumb/v7e-m+fp/hard/crtbegin.o
                [!provide]                        PROVIDE (__fini_array_end = .)
                0x08006450                        . = ALIGN (0x4)
                0x08006450                        _sidata = LOADADDR (.data)

.rel.dyn        0x08006450        0x0
 .rel.iplt      0x08006450        0x0 D:/STM32CubeIDE_2.2.0/STM32CubeIDE/plugins/com.st.stm32cube.ide.mcu.externaltools.gnu-tools-for-stm32.14.3.rel1.win32_1.0.100.202602081740/tools/bin/../lib/gcc/arm-none-eabi/14.3.1/thumb/v7e-m+fp/hard/crtbegin.o

.data           0x20000000       0x64 load address 0x08006450
                0x20000000                        . = ALIGN (0x4)
                0x20000000                        _sdata = .
 *(.data)
 *(.data*)
 .data.voltage_percent
                0x20000000        0x1 ./Core/Src/power_sim.o
                0x20000000                voltage_percent
 .data.power_mode
                0x20000001        0x1 ./Core/Src/power_sim.o
                0x20000001                power_mode
 *fill*         0x20000002        0x2 
 .data.SystemCoreClock
                0x20000004        0x4 ./Core/Src/system_stm32f4xx.o
                0x20000004                SystemCoreClock
 .data.uwTickPrio
                0x20000008        0x4 ./Drivers/STM32F4xx_HAL_Driver/Src/stm32f4xx_hal.o
                0x20000008                uwTickPrio
 .data.uwTickFreq
                0x2000000c        0x1 ./Drivers/STM32F4xx_HAL_Driver/Src/stm32f4xx_hal.o
                0x2000000c                uwTickFreq
 *fill*         0x2000000d        0x3 
 .data.uxCriticalNesting
                0x20000010        0x4 ./Middlewares/Third_Party/MyRTOS/Source/portable/GCC/ARM_CM4F/port.o
 .data._impure_ptr
                0x20000014        0x4 D:/STM32CubeIDE_2.2.0/STM32CubeIDE/plugins/com.st.stm32cube.ide.mcu.externaltools.gnu-tools-for-stm32.14.3.rel1.win32_1.0.100.202602081740/tools/bin/../lib/gcc/arm-none-eabi/14.3.1/../../../../arm-none-eabi/lib/thumb/v7e-m+fp/hard\libc_nano.a(libc_a-impure.o)
                0x20000014                _impure_ptr
 .data._impure_data
                0x20000018       0x4c D:/STM32CubeIDE_2.2.0/STM32CubeIDE/plugins/com.st.stm32cube.ide.mcu.externaltools.gnu-tools-for-stm32.14.3.rel1.win32_1.0.100.202602081740/tools/bin/../lib/gcc/arm-none-eabi/14.3.1/../../../../arm-none-eabi/lib/thumb/v7e-m+fp/hard\libc_nano.a(libc_a-impure.o)
                0x20000018                _impure_data
 *(.RamFunc)
 *(.RamFunc*)
                0x20000064                        . = ALIGN (0x4)
                0x20000064                        _edata = .

.igot.plt       0x20000064        0x0 load address 0x080064b4
 .igot.plt      0x20000064        0x0 D:/STM32CubeIDE_2.2.0/STM32CubeIDE/plugins/com.st.stm32cube.ide.mcu.externaltools.gnu-tools-for-stm32.14.3.rel1.win32_1.0.100.202602081740/tools/bin/../lib/gcc/arm-none-eabi/14.3.1/thumb/v7e-m+fp/hard/crtbegin.o
                0x20000064                        . = ALIGN (0x4)

.bss            0x20000064     0x87d8 load address 0x080064b4
                0x20000064                        _sbss = .
                0x20000064                        __bss_start__ = _sbss
 *(.bss)
 .bss           0x20000064       0x1c D:/STM32CubeIDE_2.2.0/STM32CubeIDE/plugins/com.st.stm32cube.ide.mcu.externaltools.gnu-tools-for-stm32.14.3.rel1.win32_1.0.100.202602081740/tools/bin/../lib/gcc/arm-none-eabi/14.3.1/thumb/v7e-m+fp/hard/crtbegin.o
 *(.bss*)
 .bss.power_failing
                0x20000080        0x1 ./Core/Src/checkpoint.o
                0x20000080                power_failing
 .bss.has_checkpoint
                0x20000081        0x1 ./Core/Src/checkpoint.o
                0x20000081                has_checkpoint
 *fill*         0x20000082        0x2 
 .bss.checkpoint_counter
                0x20000084        0x4 ./Core/Src/checkpoint.o
                0x20000084                checkpoint_counter
 .bss.checkpoints
                0x20000088       0x78 ./Core/Src/checkpoint.o
 .bss.power_recovered
                0x20000100        0x1 ./Core/Src/power_sim.o
                0x20000100                power_recovered
 *fill*         0x20000101        0x3 
 .bss.phase_timer
                0x20000104        0x4 ./Core/Src/power_sim.o
 .bss.cycle_complete
                0x20000108        0x1 ./Core/Src/power_sim.o
 *fill*         0x20000109        0x3 
 .bss.counter.0
                0x2000010c        0x4 ./Core/Src/power_sim.o
 .bss.htim2     0x20000110       0x48 ./Core/Src/stm32f4xx_hal_timebase_tim.o
                0x20000110                htim2
 .bss.__sbrk_heap_end
                0x20000158        0x4 ./Core/Src/sysmem.o
 .bss.huart2    0x2000015c       0x48 ./Core/Src/usart.o
                0x2000015c                huart2
 .bss.uwTick    0x200001a4        0x4 ./Drivers/STM32F4xx_HAL_Driver/Src/stm32f4xx_hal.o
                0x200001a4                uwTick
 .bss.Idle_TCB.3
                0x200001a8       0x5c ./Middlewares/Third_Party/MyRTOS/Source/CMSIS_RTOS_V2/cmsis_os2.o
 .bss.Idle_Stack.2
                0x20000204      0x200 ./Middlewares/Third_Party/MyRTOS/Source/CMSIS_RTOS_V2/cmsis_os2.o
 .bss.Timer_TCB.1
                0x20000404       0x5c ./Middlewares/Third_Party/MyRTOS/Source/CMSIS_RTOS_V2/cmsis_os2.o
 .bss.Timer_Stack.0
                0x20000460      0x400 ./Middlewares/Third_Party/MyRTOS/Source/CMSIS_RTOS_V2/cmsis_os2.o
 .bss.xQueueRegistry
                0x20000860       0x40 ./Middlewares/Third_Party/MyRTOS/Source/queue.o
                0x20000860                xQueueRegistry
 .bss.pxCurrentTCB
                0x200008a0        0x4 ./Middlewares/Third_Party/MyRTOS/Source/tasks.o
                0x200008a0                pxCurrentTCB
 .bss.pxReadyTasksLists
                0x200008a4      0x460 ./Middlewares/Third_Party/MyRTOS/Source/tasks.o
 .bss.xDelayedTaskList1
                0x20000d04       0x14 ./Middlewares/Third_Party/MyRTOS/Source/tasks.o
 .bss.xDelayedTaskList2
                0x20000d18       0x14 ./Middlewares/Third_Party/MyRTOS/Source/tasks.o
 .bss.pxDelayedTaskList
                0x20000d2c        0x4 ./Middlewares/Third_Party/MyRTOS/Source/tasks.o
 .bss.pxOverflowDelayedTaskList
                0x20000d30        0x4 ./Middlewares/Third_Party/MyRTOS/Source/tasks.o
 .bss.xPendingReadyList
                0x20000d34       0x14 ./Middlewares/Third_Party/MyRTOS/Source/tasks.o
 .bss.xTasksWaitingTermination
                0x20000d48       0x14 ./Middlewares/Third_Party/MyRTOS/Source/tasks.o
 .bss.uxDeletedTasksWaitingCleanUp
                0x20000d5c        0x4 ./Middlewares/Third_Party/MyRTOS/Source/tasks.o
 .bss.xSuspendedTaskList
                0x20000d60       0x14 ./Middlewares/Third_Party/MyRTOS/Source/tasks.o
 .bss.uxCurrentNumberOfTasks
                0x20000d74        0x4 ./Middlewares/Third_Party/MyRTOS/Source/tasks.o
 .bss.xTickCount
                0x20000d78        0x4 ./Middlewares/Third_Party/MyRTOS/Source/tasks.o
 .bss.uxTopReadyPriority
                0x20000d7c        0x4 ./Middlewares/Third_Party/MyRTOS/Source/tasks.o
 .bss.xSchedulerRunning
                0x20000d80        0x4 ./Middlewares/Third_Party/MyRTOS/Source/tasks.o
 .bss.xPendedTicks
                0x20000d84        0x4 ./Middlewares/Third_Party/MyRTOS/Source/tasks.o
 .bss.xYieldPending
                0x20000d88        0x4 ./Middlewares/Third_Party/MyRTOS/Source/tasks.o
 .bss.xNumOfOverflows
                0x20000d8c        0x4 ./Middlewares/Third_Party/MyRTOS/Source/tasks.o
 .bss.uxTaskNumber
                0x20000d90        0x4 ./Middlewares/Third_Party/MyRTOS/Source/tasks.o
 .bss.xNextTaskUnblockTime
                0x20000d94        0x4 ./Middlewares/Third_Party/MyRTOS/Source/tasks.o
 .bss.xIdleTaskHandle
                0x20000d98        0x4 ./Middlewares/Third_Party/MyRTOS/Source/tasks.o
 .bss.uxSchedulerSuspended
                0x20000d9c        0x4 ./Middlewares/Third_Party/MyRTOS/Source/tasks.o
 .bss.xActiveTimerList1
                0x20000da0       0x14 ./Middlewares/Third_Party/MyRTOS/Source/timers.o
 .bss.xActiveTimerList2
                0x20000db4       0x14 ./Middlewares/Third_Party/MyRTOS/Source/timers.o
 .bss.pxCurrentTimerList
                0x20000dc8        0x4 ./Middlewares/Third_Party/MyRTOS/Source/timers.o
 .bss.pxOverflowTimerList
                0x20000dcc        0x4 ./Middlewares/Third_Party/MyRTOS/Source/timers.o
 .bss.xTimerQueue
                0x20000dd0        0x4 ./Middlewares/Third_Party/MyRTOS/Source/timers.o
 .bss.xTimerTaskHandle
                0x20000dd4        0x4 ./Middlewares/Third_Party/MyRTOS/Source/timers.o
 .bss.xLastTime.2
                0x20000dd8        0x4 ./Middlewares/Third_Party/MyRTOS/Source/timers.o
 .bss.ucStaticTimerQueueStorage.1
                0x20000ddc       0xa0 ./Middlewares/Third_Party/MyRTOS/Source/timers.o
 .bss.xStaticTimerQueue.0
                0x20000e7c       0x50 ./Middlewares/Third_Party/MyRTOS/Source/timers.o
 .bss.ucMaxSysCallPriority
                0x20000ecc        0x1 ./Middlewares/Third_Party/MyRTOS/Source/portable/GCC/ARM_CM4F/port.o
 *fill*         0x20000ecd        0x3 
 .bss.ulMaxPRIGROUPValue
                0x20000ed0        0x4 ./Middlewares/Third_Party/MyRTOS/Source/portable/GCC/ARM_CM4F/port.o
 .bss.ucHeap    0x20000ed4     0x7800 ./Middlewares/Third_Party/MyRTOS/Source/portable/MemMang/heap_4.o
 .bss.xStart    0x200086d4        0x8 ./Middlewares/Third_Party/MyRTOS/Source/portable/MemMang/heap_4.o
 .bss.pxEnd     0x200086dc        0x4 ./Middlewares/Third_Party/MyRTOS/Source/portable/MemMang/heap_4.o
 .bss.xFreeBytesRemaining
                0x200086e0        0x4 ./Middlewares/Third_Party/MyRTOS/Source/portable/MemMang/heap_4.o
 .bss.xMinimumEverFreeBytesRemaining
                0x200086e4        0x4 ./Middlewares/Third_Party/MyRTOS/Source/portable/MemMang/heap_4.o
 .bss.xNumberOfSuccessfulAllocations
                0x200086e8        0x4 ./Middlewares/Third_Party/MyRTOS/Source/portable/MemMang/heap_4.o
 .bss.xNumberOfSuccessfulFrees
                0x200086ec        0x4 ./Middlewares/Third_Party/MyRTOS/Source/portable/MemMang/heap_4.o
 .bss.xBlockAllocatedBit
                0x200086f0        0x4 ./Middlewares/Third_Party/MyRTOS/Source/portable/MemMang/heap_4.o
 .bss.__sf      0x200086f4      0x138 D:/STM32CubeIDE_2.2.0/STM32CubeIDE/plugins/com.st.stm32cube.ide.mcu.externaltools.gnu-tools-for-stm32.14.3.rel1.win32_1.0.100.202602081740/tools/bin/../lib/gcc/arm-none-eabi/14.3.1/../../../../arm-none-eabi/lib/thumb/v7e-m+fp/hard\libc_nano.a(libc_a-findfp.o)
                0x200086f4                __sf
 .bss.errno     0x2000882c        0x4 D:/STM32CubeIDE_2.2.0/STM32CubeIDE/plugins/com.st.stm32cube.ide.mcu.externaltools.gnu-tools-for-stm32.14.3.rel1.win32_1.0.100.202602081740/tools/bin/../lib/gcc/arm-none-eabi/14.3.1/../../../../arm-none-eabi/lib/thumb/v7e-m+fp/hard\libc_nano.a(libc_a-reent.o)
                0x2000882c                errno
 .bss.__lock___malloc_recursive_mutex
                0x20008830        0x1 D:/STM32CubeIDE_2.2.0/STM32CubeIDE/plugins/com.st.stm32cube.ide.mcu.externaltools.gnu-tools-for-stm32.14.3.rel1.win32_1.0.100.202602081740/tools/bin/../lib/gcc/arm-none-eabi/14.3.1/../../../../arm-none-eabi/lib/thumb/v7e-m+fp/hard\libc_nano.a(libc_a-lock.o)
                0x20008830                __lock___malloc_recursive_mutex
 *fill*         0x20008831        0x3 
 .bss.__malloc_sbrk_start
                0x20008834        0x4 D:/STM32CubeIDE_2.2.0/STM32CubeIDE/plugins/com.st.stm32cube.ide.mcu.externaltools.gnu-tools-for-stm32.14.3.rel1.win32_1.0.100.202602081740/tools/bin/../lib/gcc/arm-none-eabi/14.3.1/../../../../arm-none-eabi/lib/thumb/v7e-m+fp/hard\libc_nano.a(libc_a-mallocr.o)
                0x20008834                __malloc_sbrk_start
 .bss.__malloc_free_list
                0x20008838        0x4 D:/STM32CubeIDE_2.2.0/STM32CubeIDE/plugins/com.st.stm32cube.ide.mcu.externaltools.gnu-tools-for-stm32.14.3.rel1.win32_1.0.100.202602081740/tools/bin/../lib/gcc/arm-none-eabi/14.3.1/../../../../arm-none-eabi/lib/thumb/v7e-m+fp/hard\libc_nano.a(libc_a-mallocr.o)
                0x20008838                __malloc_free_list
 *(COMMON)
                0x2000883c                        . = ALIGN (0x4)
                0x2000883c                        _ebss = .
                0x2000883c                        __bss_end__ = _ebss

._user_heap_stack
                0x2000883c      0x604 load address 0x080064b4
                0x20008840                        . = ALIGN (0x8)
 *fill*         0x2000883c        0x4 
                [!provide]                        PROVIDE (end = .)
                0x20008840                        PROVIDE (_end = .)
                0x20008a40                        . = (. + _Min_Heap_Size)
 *fill*         0x20008840      0x200 
                0x20008e40                        . = (. + _Min_Stack_Size)
 *fill*         0x20008a40      0x400 
                0x20008e40                        . = ALIGN (0x8)

/DISCARD/
 libc.a(*)
 libm.a(*)
 libgcc.a(*)

.ARM.attributes
                0x00000000       0x30
 *(.ARM.attributes)
 .ARM.attributes
                0x00000000       0x22 D:/STM32CubeIDE_2.2.0/STM32CubeIDE/plugins/com.st.stm32cube.ide.mcu.externaltools.gnu-tools-for-stm32.14.3.rel1.win32_1.0.100.202602081740/tools/bin/../lib/gcc/arm-none-eabi/14.3.1/thumb/v7e-m+fp/hard/crti.o
 .ARM.attributes
                0x00000022       0x34 D:/STM32CubeIDE_2.2.0/STM32CubeIDE/plugins/com.st.stm32cube.ide.mcu.externaltools.gnu-tools-for-stm32.14.3.rel1.win32_1.0.100.202602081740/tools/bin/../lib/gcc/arm-none-eabi/14.3.1/thumb/v7e-m+fp/hard/crtbegin.o
 .ARM.attributes
                0x00000056       0x34 ./Core/Src/checkpoint.o
 .ARM.attributes
                0x0000008a       0x34 ./Core/Src/main.o
 .ARM.attributes
                0x000000be       0x34 ./Core/Src/power_sim.o
 .ARM.attributes
                0x000000f2       0x34 ./Core/Src/stm32f4xx_hal_msp.o
 .ARM.attributes
                0x00000126       0x34 ./Core/Src/stm32f4xx_hal_timebase_tim.o
 .ARM.attributes
                0x0000015a       0x34 ./Core/Src/stm32f4xx_it.o
 .ARM.attributes
                0x0000018e       0x34 ./Core/Src/sysmem.o
 .ARM.attributes
                0x000001c2       0x34 ./Core/Src/system_stm32f4xx.o
 .ARM.attributes
                0x000001f6       0x34 ./Core/Src/usart.o
 .ARM.attributes
                0x0000022a       0x21 ./Core/Startup/startup_stm32f401retx.o
 .ARM.attributes
                0x0000024b       0x34 ./Drivers/STM32F4xx_HAL_Driver/Src/stm32f4xx_hal.o
 .ARM.attributes
                0x0000027f       0x34 ./Drivers/STM32F4xx_HAL_Driver/Src/stm32f4xx_hal_cortex.o
 .ARM.attributes
                0x000002b3       0x34 ./Drivers/STM32F4xx_HAL_Driver/Src/stm32f4xx_hal_gpio.o
 .ARM.attributes
                0x000002e7       0x34 ./Drivers/STM32F4xx_HAL_Driver/Src/stm32f4xx_hal_rcc.o
 .ARM.attributes
                0x0000031b       0x34 ./Drivers/STM32F4xx_HAL_Driver/Src/stm32f4xx_hal_tim.o
 .ARM.attributes
                0x0000034f       0x34 ./Drivers/STM32F4xx_HAL_Driver/Src/stm32f4xx_hal_tim_ex.o
 .ARM.attributes
                0x00000383       0x34 ./Drivers/STM32F4xx_HAL_Driver/Src/stm32f4xx_hal_uart.o
 .ARM.attributes
                0x000003b7       0x34 ./Middlewares/Third_Party/MyRTOS/Source/CMSIS_RTOS_V2/cmsis_os2.o
 .ARM.attributes
                0x000003eb       0x34 ./Middlewares/Third_Party/MyRTOS/Source/list.o
 .ARM.attributes
                0x0000041f       0x34 ./Middlewares/Third_Party/MyRTOS/Source/queue.o
 .ARM.attributes
                0x00000453       0x34 ./Middlewares/Third_Party/MyRTOS/Source/tasks.o
 .ARM.attributes
                0x00000487       0x34 ./Middlewares/Third_Party/MyRTOS/Source/timers.o
 .ARM.attributes
                0x000004bb       0x34 ./Middlewares/Third_Party/MyRTOS/Source/portable/GCC/ARM_CM4F/port.o
 .ARM.attributes
                0x000004ef       0x34 ./Middlewares/Third_Party/MyRTOS/Source/portable/MemMang/heap_4.o
 .ARM.attributes
                0x00000523       0x34 D:/STM32CubeIDE_2.2.0/STM32CubeIDE/plugins/com.st.stm32cube.ide.mcu.externaltools.gnu-tools-for-stm32.14.3.rel1.win32_1.0.100.202602081740/tools/bin/../lib/gcc/arm-none-eabi/14.3.1/../../../../arm-none-eabi/lib/thumb/v7e-m+fp/hard\libc_nano.a(libc_a-findfp.o)
 .ARM.attributes
                0x00000557       0x34 D:/STM32CubeIDE_2.2.0/STM32CubeIDE/plugins/com.st.stm32cube.ide.mcu.externaltools.gnu-tools-for-stm32.14.3.rel1.win32_1.0.100.202602081740/tools/bin/../lib/gcc/arm-none-eabi/14.3.1/../../../../arm-none-eabi/lib/thumb/v7e-m+fp/hard\libc_nano.a(libc_a-vsnprintf.o)
 .ARM.attributes
                0x0000058b       0x34 D:/STM32CubeIDE_2.2.0/STM32CubeIDE/plugins/com.st.stm32cube.ide.mcu.externaltools.gnu-tools-for-stm32.14.3.rel1.win32_1.0.100.202602081740/tools/bin/../lib/gcc/arm-none-eabi/14.3.1/../../../../arm-none-eabi/lib/thumb/v7e-m+fp/hard\libc_nano.a(libc_a-memset.o)
 .ARM.attributes
                0x000005bf       0x34 D:/STM32CubeIDE_2.2.0/STM32CubeIDE/plugins/com.st.stm32cube.ide.mcu.externaltools.gnu-tools-for-stm32.14.3.rel1.win32_1.0.100.202602081740/tools/bin/../lib/gcc/arm-none-eabi/14.3.1/../../../../arm-none-eabi/lib/thumb/v7e-m+fp/hard\libc_nano.a(libc_a-reent.o)
 .ARM.attributes
                0x000005f3       0x34 D:/STM32CubeIDE_2.2.0/STM32CubeIDE/plugins/com.st.stm32cube.ide.mcu.externaltools.gnu-tools-for-stm32.14.3.rel1.win32_1.0.100.202602081740/tools/bin/../lib/gcc/arm-none-eabi/14.3.1/../../../../arm-none-eabi/lib/thumb/v7e-m+fp/hard\libc_nano.a(libc_a-impure.o)
 .ARM.attributes
                0x00000627       0x34 D:/STM32CubeIDE_2.2.0/STM32CubeIDE/plugins/com.st.stm32cube.ide.mcu.externaltools.gnu-tools-for-stm32.14.3.rel1.win32_1.0.100.202602081740/tools/bin/../lib/gcc/arm-none-eabi/14.3.1/../../../../arm-none-eabi/lib/thumb/v7e-m+fp/hard\libc_nano.a(libc_a-errno.o)
 .ARM.attributes
                0x0000065b       0x34 D:/STM32CubeIDE_2.2.0/STM32CubeIDE/plugins/com.st.stm32cube.ide.mcu.externaltools.gnu-tools-for-stm32.14.3.rel1.win32_1.0.100.202602081740/tools/bin/../lib/gcc/arm-none-eabi/14.3.1/../../../../arm-none-eabi/lib/thumb/v7e-m+fp/hard\libc_nano.a(libc_a-init.o)
 .ARM.attributes
                0x0000068f       0x34 D:/STM32CubeIDE_2.2.0/STM32CubeIDE/plugins/com.st.stm32cube.ide.mcu.externaltools.gnu-tools-for-stm32.14.3.rel1.win32_1.0.100.202602081740/tools/bin/../lib/gcc/arm-none-eabi/14.3.1/../../../../arm-none-eabi/lib/thumb/v7e-m+fp/hard\libc_nano.a(libc_a-lock.o)
 .ARM.attributes
                0x000006c3       0x34 D:/STM32CubeIDE_2.2.0/STM32CubeIDE/plugins/com.st.stm32cube.ide.mcu.externaltools.gnu-tools-for-stm32.14.3.rel1.win32_1.0.100.202602081740/tools/bin/../lib/gcc/arm-none-eabi/14.3.1/../../../../arm-none-eabi/lib/thumb/v7e-m+fp/hard\libc_nano.a(libc_a-memcpy-stub.o)
 .ARM.attributes
                0x000006f7       0x17 D:/STM32CubeIDE_2.2.0/STM32CubeIDE/plugins/com.st.stm32cube.ide.mcu.externaltools.gnu-tools-for-stm32.14.3.rel1.win32_1.0.100.202602081740/tools/bin/../lib/gcc/arm-none-eabi/14.3.1/../../../../arm-none-eabi/lib/thumb/v7e-m+fp/hard\libc_nano.a(libc_a-strlen.o)
 .ARM.attributes
                0x0000070e       0x34 D:/STM32CubeIDE_2.2.0/STM32CubeIDE/plugins/com.st.stm32cube.ide.mcu.externaltools.gnu-tools-for-stm32.14.3.rel1.win32_1.0.100.202602081740/tools/bin/../lib/gcc/arm-none-eabi/14.3.1/../../../../arm-none-eabi/lib/thumb/v7e-m+fp/hard\libc_nano.a(libc_a-freer.o)
 .ARM.attributes
                0x00000742       0x34 D:/STM32CubeIDE_2.2.0/STM32CubeIDE/plugins/com.st.stm32cube.ide.mcu.externaltools.gnu-tools-for-stm32.14.3.rel1.win32_1.0.100.202602081740/tools/bin/../lib/gcc/arm-none-eabi/14.3.1/../../../../arm-none-eabi/lib/thumb/v7e-m+fp/hard\libc_nano.a(libc_a-mallocr.o)
 .ARM.attributes
                0x00000776       0x34 D:/STM32CubeIDE_2.2.0/STM32CubeIDE/plugins/com.st.stm32cube.ide.mcu.externaltools.gnu-tools-for-stm32.14.3.rel1.win32_1.0.100.202602081740/tools/bin/../lib/gcc/arm-none-eabi/14.3.1/../../../../arm-none-eabi/lib/thumb/v7e-m+fp/hard\libc_nano.a(libc_a-mlock.o)
 .ARM.attributes
                0x000007aa       0x34 D:/STM32CubeIDE_2.2.0/STM32CubeIDE/plugins/com.st.stm32cube.ide.mcu.externaltools.gnu-tools-for-stm32.14.3.rel1.win32_1.0.100.202602081740/tools/bin/../lib/gcc/arm-none-eabi/14.3.1/../../../../arm-none-eabi/lib/thumb/v7e-m+fp/hard\libc_nano.a(libc_a-nano-svfprintf.o)
 .ARM.attributes
                0x000007de       0x34 D:/STM32CubeIDE_2.2.0/STM32CubeIDE/plugins/com.st.stm32cube.ide.mcu.externaltools.gnu-tools-for-stm32.14.3.rel1.win32_1.0.100.202602081740/tools/bin/../lib/gcc/arm-none-eabi/14.3.1/../../../../arm-none-eabi/lib/thumb/v7e-m+fp/hard\libc_nano.a(libc_a-nano-vfprintf_i.o)
 .ARM.attributes
                0x00000812       0x34 D:/STM32CubeIDE_2.2.0/STM32CubeIDE/plugins/com.st.stm32cube.ide.mcu.externaltools.gnu-tools-for-stm32.14.3.rel1.win32_1.0.100.202602081740/tools/bin/../lib/gcc/arm-none-eabi/14.3.1/../../../../arm-none-eabi/lib/thumb/v7e-m+fp/hard\libc_nano.a(libc_a-memmove.o)
 .ARM.attributes
                0x00000846       0x34 D:/STM32CubeIDE_2.2.0/STM32CubeIDE/plugins/com.st.stm32cube.ide.mcu.externaltools.gnu-tools-for-stm32.14.3.rel1.win32_1.0.100.202602081740/tools/bin/../lib/gcc/arm-none-eabi/14.3.1/../../../../arm-none-eabi/lib/thumb/v7e-m+fp/hard\libc_nano.a(libc_a-sbrkr.o)
 .ARM.attributes
                0x0000087a       0x1c D:/STM32CubeIDE_2.2.0/STM32CubeIDE/plugins/com.st.stm32cube.ide.mcu.externaltools.gnu-tools-for-stm32.14.3.rel1.win32_1.0.100.202602081740/tools/bin/../lib/gcc/arm-none-eabi/14.3.1/../../../../arm-none-eabi/lib/thumb/v7e-m+fp/hard\libc_nano.a(libc_a-memchr.o)
 .ARM.attributes
                0x00000896       0x34 D:/STM32CubeIDE_2.2.0/STM32CubeIDE/plugins/com.st.stm32cube.ide.mcu.externaltools.gnu-tools-for-stm32.14.3.rel1.win32_1.0.100.202602081740/tools/bin/../lib/gcc/arm-none-eabi/14.3.1/../../../../arm-none-eabi/lib/thumb/v7e-m+fp/hard\libc_nano.a(libc_a-reallocr.o)
 .ARM.attributes
                0x000008ca       0x34 D:/STM32CubeIDE_2.2.0/STM32CubeIDE/plugins/com.st.stm32cube.ide.mcu.externaltools.gnu-tools-for-stm32.14.3.rel1.win32_1.0.100.202602081740/tools/bin/../lib/gcc/arm-none-eabi/14.3.1/../../../../arm-none-eabi/lib/thumb/v7e-m+fp/hard\libc_nano.a(libc_a-msizer.o)
 .ARM.attributes
                0x000008fe       0x22 D:/STM32CubeIDE_2.2.0/STM32CubeIDE/plugins/com.st.stm32cube.ide.mcu.externaltools.gnu-tools-for-stm32.14.3.rel1.win32_1.0.100.202602081740/tools/bin/../lib/gcc/arm-none-eabi/14.3.1/thumb/v7e-m+fp/hard\libgcc.a(_aeabi_uldivmod.o)
 .ARM.attributes
                0x00000920       0x34 D:/STM32CubeIDE_2.2.0/STM32CubeIDE/plugins/com.st.stm32cube.ide.mcu.externaltools.gnu-tools-for-stm32.14.3.rel1.win32_1.0.100.202602081740/tools/bin/../lib/gcc/arm-none-eabi/14.3.1/thumb/v7e-m+fp/hard\libgcc.a(_udivmoddi4.o)
 .ARM.attributes
                0x00000954       0x22 D:/STM32CubeIDE_2.2.0/STM32CubeIDE/plugins/com.st.stm32cube.ide.mcu.externaltools.gnu-tools-for-stm32.14.3.rel1.win32_1.0.100.202602081740/tools/bin/../lib/gcc/arm-none-eabi/14.3.1/thumb/v7e-m+fp/hard\libgcc.a(_dvmd_tls.o)
 .ARM.attributes
                0x00000976       0x22 D:/STM32CubeIDE_2.2.0/STM32CubeIDE/plugins/com.st.stm32cube.ide.mcu.externaltools.gnu-tools-for-stm32.14.3.rel1.win32_1.0.100.202602081740/tools/bin/../lib/gcc/arm-none-eabi/14.3.1/thumb/v7e-m+fp/hard/crtn.o
OUTPUT(Intermittent_computing.elf elf32-littlearm)
LOAD linker stubs
LOAD D:/STM32CubeIDE_2.2.0/STM32CubeIDE/plugins/com.st.stm32cube.ide.mcu.externaltools.gnu-tools-for-stm32.14.3.rel1.win32_1.0.100.202602081740/tools/bin/../lib/gcc/arm-none-eabi/14.3.1/../../../../arm-none-eabi/lib/thumb/v7e-m+fp/hard\libc.a
LOAD D:/STM32CubeIDE_2.2.0/STM32CubeIDE/plugins/com.st.stm32cube.ide.mcu.externaltools.gnu-tools-for-stm32.14.3.rel1.win32_1.0.100.202602081740/tools/bin/../lib/gcc/arm-none-eabi/14.3.1/../../../../arm-none-eabi/lib/thumb/v7e-m+fp/hard\libm.a
LOAD D:/STM32CubeIDE_2.2.0/STM32CubeIDE/plugins/com.st.stm32cube.ide.mcu.externaltools.gnu-tools-for-stm32.14.3.rel1.win32_1.0.100.202602081740/tools/bin/../lib/gcc/arm-none-eabi/14.3.1/thumb/v7e-m+fp/hard\libgcc.a

.debug_info     0x00000000    0x16610
 .debug_info    0x00000000      0x2d6 ./Core/Src/checkpoint.o
 .debug_info    0x000002d6     0x121b ./Core/Src/main.o
 .debug_info    0x000014f1      0x1f8 ./Core/Src/power_sim.o
 .debug_info    0x000016e9      0xad3 ./Core/Src/stm32f4xx_hal_msp.o
 .debug_info    0x000021bc      0xb7d ./Core/Src/stm32f4xx_hal_timebase_tim.o
 .debug_info    0x00002d39      0x6b9 ./Core/Src/stm32f4xx_it.o
 .debug_info    0x000033f2      0x168 ./Core/Src/sysmem.o
 .debug_info    0x0000355a      0x53e ./Core/Src/system_stm32f4xx.o
 .debug_info    0x00003a98      0x5f4 ./Core/Src/usart.o
 .debug_info    0x0000408c       0x30 ./Core/Startup/startup_stm32f401retx.o
 .debug_info    0x000040bc      0x8bb ./Drivers/STM32F4xx_HAL_Driver/Src/stm32f4xx_hal.o
 .debug_info    0x00004977      0xcf6 ./Drivers/STM32F4xx_HAL_Driver/Src/stm32f4xx_hal_cortex.o
 .debug_info    0x0000566d      0x6f9 ./Drivers/STM32F4xx_HAL_Driver/Src/stm32f4xx_hal_gpio.o
 .debug_info    0x00005d66      0x905 ./Drivers/STM32F4xx_HAL_Driver/Src/stm32f4xx_hal_rcc.o
 .debug_info    0x0000666b     0x2996 ./Drivers/STM32F4xx_HAL_Driver/Src/stm32f4xx_hal_tim.o
 .debug_info    0x00009001     0x14d4 ./Drivers/STM32F4xx_HAL_Driver/Src/stm32f4xx_hal_tim_ex.o
 .debug_info    0x0000a4d5     0x2f56 ./Drivers/STM32F4xx_HAL_Driver/Src/stm32f4xx_hal_uart.o
 .debug_info    0x0000d42b     0x3398 ./Middlewares/Third_Party/MyRTOS/Source/CMSIS_RTOS_V2/cmsis_os2.o
 .debug_info    0x000107c3      0x2af ./Middlewares/Third_Party/MyRTOS/Source/list.o
 .debug_info    0x00010a72     0x1b7b ./Middlewares/Third_Party/MyRTOS/Source/queue.o
 .debug_info    0x000125ed     0x21ed ./Middlewares/Third_Party/MyRTOS/Source/tasks.o
 .debug_info    0x000147da     0x1488 ./Middlewares/Third_Party/MyRTOS/Source/timers.o
 .debug_info    0x00015c62      0x4d9 ./Middlewares/Third_Party/MyRTOS/Source/portable/GCC/ARM_CM4F/port.o
 .debug_info    0x0001613b      0x4d5 ./Middlewares/Third_Party/MyRTOS/Source/portable/MemMang/heap_4.o

.debug_abbrev   0x00000000     0x35a1
 .debug_abbrev  0x00000000      0x1af ./Core/Src/checkpoint.o
 .debug_abbrev  0x000001af      0x2ee ./Core/Src/main.o
 .debug_abbrev  0x0000049d      0x11d ./Core/Src/power_sim.o
 .debug_abbrev  0x000005ba      0x1c9 ./Core/Src/stm32f4xx_hal_msp.o
 .debug_abbrev  0x00000783      0x207 ./Core/Src/stm32f4xx_hal_timebase_tim.o
 .debug_abbrev  0x0000098a      0x1a4 ./Core/Src/stm32f4xx_it.o
 .debug_abbrev  0x00000b2e       0xbc ./Core/Src/sysmem.o
 .debug_abbrev  0x00000bea      0x11a ./Core/Src/system_stm32f4xx.o
 .debug_abbrev  0x00000d04      0x176 ./Core/Src/usart.o
 .debug_abbrev  0x00000e7a       0x24 ./Core/Startup/startup_stm32f401retx.o
 .debug_abbrev  0x00000e9e      0x24b ./Drivers/STM32F4xx_HAL_Driver/Src/stm32f4xx_hal.o
 .debug_abbrev  0x000010e9      0x31d ./Drivers/STM32F4xx_HAL_Driver/Src/stm32f4xx_hal_cortex.o
 .debug_abbrev  0x00001406      0x1d3 ./Drivers/STM32F4xx_HAL_Driver/Src/stm32f4xx_hal_gpio.o
 .debug_abbrev  0x000015d9      0x2b6 ./Drivers/STM32F4xx_HAL_Driver/Src/stm32f4xx_hal_rcc.o
 .debug_abbrev  0x0000188f      0x28b ./Drivers/STM32F4xx_HAL_Driver/Src/stm32f4xx_hal_tim.o
 .debug_abbrev  0x00001b1a      0x296 ./Drivers/STM32F4xx_HAL_Driver/Src/stm32f4xx_hal_tim_ex.o
 .debug_abbrev  0x00001db0      0x31b ./Drivers/STM32F4xx_HAL_Driver/Src/stm32f4xx_hal_uart.o
 .debug_abbrev  0x000020cb      0x509 ./Middlewares/Third_Party/MyRTOS/Source/CMSIS_RTOS_V2/cmsis_os2.o
 .debug_abbrev  0x000025d4       0xf5 ./Middlewares/Third_Party/MyRTOS/Source/list.o
 .debug_abbrev  0x000026c9      0x387 ./Middlewares/Third_Party/MyRTOS/Source/queue.o
 .debug_abbrev  0x00002a50      0x386 ./Middlewares/Third_Party/MyRTOS/Source/tasks.o
 .debug_abbrev  0x00002dd6      0x352 ./Middlewares/Third_Party/MyRTOS/Source/timers.o
 .debug_abbrev  0x00003128      0x25c ./Middlewares/Third_Party/MyRTOS/Source/portable/GCC/ARM_CM4F/port.o
 .debug_abbrev  0x00003384      0x21d ./Middlewares/Third_Party/MyRTOS/Source/portable/MemMang/heap_4.o

.debug_aranges  0x00000000     0x1408
 .debug_aranges
                0x00000000       0x38 ./Core/Src/checkpoint.o
 .debug_aranges
                0x00000038       0x60 ./Core/Src/main.o
 .debug_aranges
                0x00000098       0x38 ./Core/Src/power_sim.o
 .debug_aranges
                0x000000d0       0x30 ./Core/Src/stm32f4xx_hal_msp.o
 .debug_aranges
                0x00000100       0x30 ./Core/Src/stm32f4xx_hal_timebase_tim.o
 .debug_aranges
                0x00000130       0x50 ./Core/Src/stm32f4xx_it.o
 .debug_aranges
                0x00000180       0x20 ./Core/Src/sysmem.o
 .debug_aranges
                0x000001a0       0x28 ./Core/Src/system_stm32f4xx.o
 .debug_aranges
                0x000001c8       0x20 ./Core/Src/usart.o
 .debug_aranges
                0x000001e8       0x28 ./Core/Startup/startup_stm32f401retx.o
 .debug_aranges
                0x00000210       0xf0 ./Drivers/STM32F4xx_HAL_Driver/Src/stm32f4xx_hal.o
 .debug_aranges
                0x00000300      0x130 ./Drivers/STM32F4xx_HAL_Driver/Src/stm32f4xx_hal_cortex.o
 .debug_aranges
                0x00000430       0x58 ./Drivers/STM32F4xx_HAL_Driver/Src/stm32f4xx_hal_gpio.o
 .debug_aranges
                0x00000488       0x88 ./Drivers/STM32F4xx_HAL_Driver/Src/stm32f4xx_hal_rcc.o
 .debug_aranges
                0x00000510      0x3d0 ./Drivers/STM32F4xx_HAL_Driver/Src/stm32f4xx_hal_tim.o
 .debug_aranges
                0x000008e0      0x168 ./Drivers/STM32F4xx_HAL_Driver/Src/stm32f4xx_hal_tim_ex.o
 .debug_aranges
                0x00000a48      0x208 ./Drivers/STM32F4xx_HAL_Driver/Src/stm32f4xx_hal_uart.o
 .debug_aranges
                0x00000c50      0x250 ./Middlewares/Third_Party/MyRTOS/Source/CMSIS_RTOS_V2/cmsis_os2.o
 .debug_aranges
                0x00000ea0       0x40 ./Middlewares/Third_Party/MyRTOS/Source/list.o
 .debug_aranges
                0x00000ee0      0x158 ./Middlewares/Third_Party/MyRTOS/Source/queue.o
 .debug_aranges
                0x00001038      0x208 ./Middlewares/Third_Party/MyRTOS/Source/tasks.o
 .debug_aranges
                0x00001240       0xf0 ./Middlewares/Third_Party/MyRTOS/Source/timers.o
 .debug_aranges
                0x00001330       0x80 ./Middlewares/Third_Party/MyRTOS/Source/portable/GCC/ARM_CM4F/port.o
 .debug_aranges
                0x000013b0       0x58 ./Middlewares/Third_Party/MyRTOS/Source/portable/MemMang/heap_4.o

.debug_rnglists
                0x00000000      0xfa1
 .debug_rnglists
                0x00000000       0x27 ./Core/Src/checkpoint.o
 .debug_rnglists
                0x00000027       0x45 ./Core/Src/main.o
 .debug_rnglists
                0x0000006c       0x44 ./Core/Src/power_sim.o
 .debug_rnglists
                0x000000b0       0x20 ./Core/Src/stm32f4xx_hal_msp.o
 .debug_rnglists
                0x000000d0       0x20 ./Core/Src/stm32f4xx_hal_timebase_tim.o
 .debug_rnglists
                0x000000f0       0x37 ./Core/Src/stm32f4xx_it.o
 .debug_rnglists
                0x00000127       0x13 ./Core/Src/sysmem.o
 .debug_rnglists
                0x0000013a       0x1a ./Core/Src/system_stm32f4xx.o
 .debug_rnglists
                0x00000154       0x13 ./Core/Src/usart.o
 .debug_rnglists
                0x00000167       0x19 ./Core/Startup/startup_stm32f401retx.o
 .debug_rnglists
                0x00000180       0xaf ./Drivers/STM32F4xx_HAL_Driver/Src/stm32f4xx_hal.o
 .debug_rnglists
                0x0000022f       0xe0 ./Drivers/STM32F4xx_HAL_Driver/Src/stm32f4xx_hal_cortex.o
 .debug_rnglists
                0x0000030f       0x3f ./Drivers/STM32F4xx_HAL_Driver/Src/stm32f4xx_hal_gpio.o
 .debug_rnglists
                0x0000034e       0x66 ./Drivers/STM32F4xx_HAL_Driver/Src/stm32f4xx_hal_rcc.o
 .debug_rnglists
                0x000003b4      0x31a ./Drivers/STM32F4xx_HAL_Driver/Src/stm32f4xx_hal_tim.o
 .debug_rnglists
                0x000006ce      0x125 ./Drivers/STM32F4xx_HAL_Driver/Src/stm32f4xx_hal_tim_ex.o
 .debug_rnglists
                0x000007f3      0x1bc ./Drivers/STM32F4xx_HAL_Driver/Src/stm32f4xx_hal_uart.o
 .debug_rnglists
                0x000009af      0x1c6 ./Middlewares/Third_Party/MyRTOS/Source/CMSIS_RTOS_V2/cmsis_os2.o
 .debug_rnglists
                0x00000b75       0x2b ./Middlewares/Third_Party/MyRTOS/Source/list.o
 .debug_rnglists
                0x00000ba0      0x109 ./Middlewares/Third_Party/MyRTOS/Source/queue.o
 .debug_rnglists
                0x00000ca9      0x1a0 ./Middlewares/Third_Party/MyRTOS/Source/tasks.o
 .debug_rnglists
                0x00000e49       0xb8 ./Middlewares/Third_Party/MyRTOS/Source/timers.o
 .debug_rnglists
                0x00000f01       0x5e ./Middlewares/Third_Party/MyRTOS/Source/portable/GCC/ARM_CM4F/port.o
 .debug_rnglists
                0x00000f5f       0x42 ./Middlewares/Third_Party/MyRTOS/Source/portable/MemMang/heap_4.o

.debug_macro    0x00000000    0x18af0
 .debug_macro   0x00000000      0x1ea ./Core/Src/checkpoint.o
 .debug_macro   0x000001ea      0xad8 ./Core/Src/checkpoint.o
 .debug_macro   0x00000cc2       0x22 ./Core/Src/checkpoint.o
 .debug_macro   0x00000ce4       0x8e ./Core/Src/checkpoint.o
 .debug_macro   0x00000d72       0x51 ./Core/Src/checkpoint.o
 .debug_macro   0x00000dc3      0x103 ./Core/Src/checkpoint.o
 .debug_macro   0x00000ec6       0x6a ./Core/Src/checkpoint.o
 .debug_macro   0x00000f30      0x1df ./Core/Src/checkpoint.o
 .debug_macro   0x0000110f       0x10 ./Core/Src/checkpoint.o
 .debug_macro   0x0000111f      0x190 ./Core/Src/checkpoint.o
 .debug_macro   0x000012af      0x169 ./Core/Src/checkpoint.o
 .debug_macro   0x00001418      0x15a ./Core/Src/checkpoint.o
 .debug_macro   0x00001572       0xc3 ./Core/Src/checkpoint.o
 .debug_macro   0x00001635       0x1c ./Core/Src/checkpoint.o
 .debug_macro   0x00001651       0x26 ./Core/Src/checkpoint.o
 .debug_macro   0x00001677      0x4c5 ./Core/Src/checkpoint.o
 .debug_macro   0x00001b3c       0xb5 ./Core/Src/checkpoint.o
 .debug_macro   0x00001bf1       0xaa ./Core/Src/checkpoint.o
 .debug_macro   0x00001c9b       0x10 ./Core/Src/checkpoint.o
 .debug_macro   0x00001cab       0x61 ./Core/Src/checkpoint.o
 .debug_macro   0x00001d0c       0x2a ./Core/Src/checkpoint.o
 .debug_macro   0x00001d36       0x43 ./Core/Src/checkpoint.o
 .debug_macro   0x00001d79       0x34 ./Core/Src/checkpoint.o
 .debug_macro   0x00001dad      0x364 ./Core/Src/checkpoint.o
 .debug_macro   0x00002111       0x16 ./Core/Src/checkpoint.o
 .debug_macro   0x00002127       0x4a ./Core/Src/checkpoint.o
 .debug_macro   0x00002171       0x34 ./Core/Src/checkpoint.o
 .debug_macro   0x000021a5       0x10 ./Core/Src/checkpoint.o
 .debug_macro   0x000021b5       0x58 ./Core/Src/checkpoint.o
 .debug_macro   0x0000220d       0x8e ./Core/Src/checkpoint.o
 .debug_macro   0x0000229b       0x1c ./Core/Src/checkpoint.o
 .debug_macro   0x000022b7      0x17e ./Core/Src/checkpoint.o
 .debug_macro   0x00002435       0x10 ./Core/Src/checkpoint.o
 .debug_macro   0x00002445       0x3c ./Core/Src/checkpoint.o
 .debug_macro   0x00002481       0x20 ./Core/Src/checkpoint.o
 .debug_macro   0x000024a1       0x1c ./Core/Src/checkpoint.o
 .debug_macro   0x000024bd       0x10 ./Core/Src/checkpoint.o
 .debug_macro   0x000024cd       0x1c ./Core/Src/checkpoint.o
 .debug_macro   0x000024e9       0x16 ./Core/Src/checkpoint.o
 .debug_macro   0x000024ff      0x146 ./Core/Src/checkpoint.o
 .debug_macro   0x00002645      0x393 ./Core/Src/main.o
 .debug_macro   0x000029d8      0x29b ./Core/Src/main.o
 .debug_macro   0x00002c73       0x2e ./Core/Src/main.o
 .debug_macro   0x00002ca1       0x28 ./Core/Src/main.o
 .debug_macro   0x00002cc9       0x1c ./Core/Src/main.o
 .debug_macro   0x00002ce5       0x22 ./Core/Src/main.o
 .debug_macro   0x00002d07       0xfb ./Core/Src/main.o
 .debug_macro   0x00002e02     0x1011 ./Core/Src/main.o
 .debug_macro   0x00003e13      0x11f ./Core/Src/main.o
 .debug_macro   0x00003f32     0xb881 ./Core/Src/main.o
 .debug_macro   0x0000f7b3       0x6d ./Core/Src/main.o
 .debug_macro   0x0000f820     0x3693 ./Core/Src/main.o
 .debug_macro   0x00012eb3       0x5c ./Core/Src/main.o
 .debug_macro   0x00012f0f      0x416 ./Core/Src/main.o
 .debug_macro   0x00013325      0x9e9 ./Core/Src/main.o
 .debug_macro   0x00013d0e      0x115 ./Core/Src/main.o
 .debug_macro   0x00013e23       0xf8 ./Core/Src/main.o
 .debug_macro   0x00013f1b       0xa5 ./Core/Src/main.o
 .debug_macro   0x00013fc0      0x15f ./Core/Src/main.o
 .debug_macro   0x0001411f      0x287 ./Core/Src/main.o
 .debug_macro   0x000143a6       0x5f ./Core/Src/main.o
 .debug_macro   0x00014405      0x236 ./Core/Src/main.o
 .debug_macro   0x0001463b      0x132 ./Core/Src/main.o
 .debug_macro   0x0001476d      0x264 ./Core/Src/main.o
 .debug_macro   0x000149d1       0x2e ./Core/Src/main.o
 .debug_macro   0x000149ff      0x127 ./Core/Src/main.o
 .debug_macro   0x00014b26       0x85 ./Core/Src/main.o
 .debug_macro   0x00014bab       0x89 ./Core/Src/main.o
 .debug_macro   0x00014c34      0x8ed ./Core/Src/main.o
 .debug_macro   0x00015521       0x47 ./Core/Src/main.o
 .debug_macro   0x00015568      0x2aa ./Core/Src/main.o
 .debug_macro   0x00015812      0x126 ./Core/Src/main.o
 .debug_macro   0x00015938       0x74 ./Core/Src/main.o
 .debug_macro   0x000159ac      0x169 ./Core/Src/main.o
 .debug_macro   0x00015b15       0x2e ./Core/Src/main.o
 .debug_macro   0x00015b43       0x16 ./Core/Src/main.o
 .debug_macro   0x00015b59       0x16 ./Core/Src/main.o
 .debug_macro   0x00015b6f       0x16 ./Core/Src/main.o
 .debug_macro   0x00015b85       0x4c ./Core/Src/main.o
 .debug_macro   0x00015bd1      0x1e1 ./Core/Src/power_sim.o
 .debug_macro   0x00015db2       0x28 ./Core/Src/power_sim.o
 .debug_macro   0x00015dda       0x10 ./Core/Src/power_sim.o
 .debug_macro   0x00015dea      0x1d8 ./Core/Src/stm32f4xx_hal_msp.o
 .debug_macro   0x00015fc2      0x1ce ./Core/Src/stm32f4xx_hal_timebase_tim.o
 .debug_macro   0x00016190      0x27e ./Core/Src/stm32f4xx_it.o
 .debug_macro   0x0001640e      0x116 ./Core/Src/sysmem.o
 .debug_macro   0x00016524      0x23c ./Core/Src/sysmem.o
 .debug_macro   0x00016760      0x1ce ./Core/Src/system_stm32f4xx.o
 .debug_macro   0x0001692e      0x1e2 ./Core/Src/usart.o
 .debug_macro   0x00016b10      0x22e ./Drivers/STM32F4xx_HAL_Driver/Src/stm32f4xx_hal.o
 .debug_macro   0x00016d3e      0x1ce ./Drivers/STM32F4xx_HAL_Driver/Src/stm32f4xx_hal_cortex.o
 .debug_macro   0x00016f0c      0x1d4 ./Drivers/STM32F4xx_HAL_Driver/Src/stm32f4xx_hal_gpio.o
 .debug_macro   0x000170e0      0x1f2 ./Drivers/STM32F4xx_HAL_Driver/Src/stm32f4xx_hal_rcc.o
 .debug_macro   0x000172d2      0x1cf ./Drivers/STM32F4xx_HAL_Driver/Src/stm32f4xx_hal_tim.o
 .debug_macro   0x000174a1      0x1ce ./Drivers/STM32F4xx_HAL_Driver/Src/stm32f4xx_hal_tim_ex.o
 .debug_macro   0x0001766f      0x1cf ./Drivers/STM32F4xx_HAL_Driver/Src/stm32f4xx_hal_uart.o
 .debug_macro   0x0001783e      0x3ff ./Middlewares/Third_Party/MyRTOS/Source/CMSIS_RTOS_V2/cmsis_os2.o
 .debug_macro   0x00017c3d       0x87 ./Middlewares/Third_Party/MyRTOS/Source/CMSIS_RTOS_V2/cmsis_os2.o
 .debug_macro   0x00017cc4       0x9a ./Middlewares/Third_Party/MyRTOS/Source/CMSIS_RTOS_V2/cmsis_os2.o
 .debug_macro   0x00017d5e       0x1c ./Middlewares/Third_Party/MyRTOS/Source/CMSIS_RTOS_V2/cmsis_os2.o
 .debug_macro   0x00017d7a       0x56 ./Middlewares/Third_Party/MyRTOS/Source/CMSIS_RTOS_V2/cmsis_os2.o
 .debug_macro   0x00017dd0       0x97 ./Middlewares/Third_Party/MyRTOS/Source/CMSIS_RTOS_V2/cmsis_os2.o
 .debug_macro   0x00017e67      0x1a4 ./Middlewares/Third_Party/MyRTOS/Source/list.o
 .debug_macro   0x0001800b       0xaf ./Middlewares/Third_Party/MyRTOS/Source/list.o
 .debug_macro   0x000180ba      0x22d ./Middlewares/Third_Party/MyRTOS/Source/queue.o
 .debug_macro   0x000182e7      0x29a ./Middlewares/Third_Party/MyRTOS/Source/tasks.o
 .debug_macro   0x00018581       0x10 ./Middlewares/Third_Party/MyRTOS/Source/tasks.o
 .debug_macro   0x00018591      0x1f3 ./Middlewares/Third_Party/MyRTOS/Source/timers.o
 .debug_macro   0x00018784      0x1a7 ./Middlewares/Third_Party/MyRTOS/Source/portable/GCC/ARM_CM4F/port.o
 .debug_macro   0x0001892b      0x1c5 ./Middlewares/Third_Party/MyRTOS/Source/portable/MemMang/heap_4.o

.debug_line     0x00000000    0x17130
 .debug_line    0x00000000      0x7fd ./Core/Src/checkpoint.o
 .debug_line    0x000007fd      0xbff ./Core/Src/main.o
 .debug_line    0x000013fc      0x8bf ./Core/Src/power_sim.o
 .debug_line    0x00001cbb      0x78c ./Core/Src/stm32f4xx_hal_msp.o
 .debug_line    0x00002447      0x7bc ./Core/Src/stm32f4xx_hal_timebase_tim.o
 .debug_line    0x00002c03      0x984 ./Core/Src/stm32f4xx_it.o
 .debug_line    0x00003587      0x57e ./Core/Src/sysmem.o
 .debug_line    0x00003b05      0x7b4 ./Core/Src/system_stm32f4xx.o
 .debug_line    0x000042b9      0x75c ./Core/Src/usart.o
 .debug_line    0x00004a15       0x7a ./Core/Startup/startup_stm32f401retx.o
 .debug_line    0x00004a8f      0xa33 ./Drivers/STM32F4xx_HAL_Driver/Src/stm32f4xx_hal.o
 .debug_line    0x000054c2      0xd00 ./Drivers/STM32F4xx_HAL_Driver/Src/stm32f4xx_hal_cortex.o
 .debug_line    0x000061c2      0xb49 ./Drivers/STM32F4xx_HAL_Driver/Src/stm32f4xx_hal_gpio.o
 .debug_line    0x00006d0b      0xe3f ./Drivers/STM32F4xx_HAL_Driver/Src/stm32f4xx_hal_rcc.o
 .debug_line    0x00007b4a     0x3575 ./Drivers/STM32F4xx_HAL_Driver/Src/stm32f4xx_hal_tim.o
 .debug_line    0x0000b0bf     0x192b ./Drivers/STM32F4xx_HAL_Driver/Src/stm32f4xx_hal_tim_ex.o
 .debug_line    0x0000c9ea     0x2578 ./Drivers/STM32F4xx_HAL_Driver/Src/stm32f4xx_hal_uart.o
 .debug_line    0x0000ef62     0x21bb ./Middlewares/Third_Party/MyRTOS/Source/CMSIS_RTOS_V2/cmsis_os2.o
 .debug_line    0x0001111d      0x824 ./Middlewares/Third_Party/MyRTOS/Source/list.o
 .debug_line    0x00011941     0x17b8 ./Middlewares/Third_Party/MyRTOS/Source/queue.o
 .debug_line    0x000130f9     0x1d9b ./Middlewares/Third_Party/MyRTOS/Source/tasks.o
 .debug_line    0x00014e94      0xe92 ./Middlewares/Third_Party/MyRTOS/Source/timers.o
 .debug_line    0x00015d26      0x965 ./Middlewares/Third_Party/MyRTOS/Source/portable/GCC/ARM_CM4F/port.o
 .debug_line    0x0001668b      0xaa5 ./Middlewares/Third_Party/MyRTOS/Source/portable/MemMang/heap_4.o

.debug_str      0x00000000    0x976fc
 .debug_str     0x00000000    0x976fc ./Core/Src/checkpoint.o
                               0xb7fb (size before relaxing)
 .debug_str     0x000976fc    0x8eace ./Core/Src/main.o
 .debug_str     0x000976fc     0xb99a ./Core/Src/power_sim.o
 .debug_str     0x000976fc    0x86e77 ./Core/Src/stm32f4xx_hal_msp.o
 .debug_str     0x000976fc    0x86ff2 ./Core/Src/stm32f4xx_hal_timebase_tim.o
 .debug_str     0x000976fc    0x8aac5 ./Core/Src/stm32f4xx_it.o
 .debug_str     0x000976fc     0x76fe ./Core/Src/sysmem.o
 .debug_str     0x000976fc    0x8665d ./Core/Src/system_stm32f4xx.o
 .debug_str     0x000976fc    0x86967 ./Core/Src/usart.o
 .debug_str     0x000976fc       0x76 ./Core/Startup/startup_stm32f401retx.o
 .debug_str     0x000976fc    0x8707f ./Drivers/STM32F4xx_HAL_Driver/Src/stm32f4xx_hal.o
 .debug_str     0x000976fc    0x86de9 ./Drivers/STM32F4xx_HAL_Driver/Src/stm32f4xx_hal_cortex.o
 .debug_str     0x000976fc    0x867d8 ./Drivers/STM32F4xx_HAL_Driver/Src/stm32f4xx_hal_gpio.o
 .debug_str     0x000976fc    0x86a91 ./Drivers/STM32F4xx_HAL_Driver/Src/stm32f4xx_hal_rcc.o
 .debug_str     0x000976fc    0x879d5 ./Drivers/STM32F4xx_HAL_Driver/Src/stm32f4xx_hal_tim.o
 .debug_str     0x000976fc    0x871e1 ./Drivers/STM32F4xx_HAL_Driver/Src/stm32f4xx_hal_tim_ex.o
 .debug_str     0x000976fc    0x87060 ./Drivers/STM32F4xx_HAL_Driver/Src/stm32f4xx_hal_uart.o
 .debug_str     0x000976fc    0x91061 ./Middlewares/Third_Party/MyRTOS/Source/CMSIS_RTOS_V2/cmsis_os2.o
 .debug_str     0x000976fc     0xab8e ./Middlewares/Third_Party/MyRTOS/Source/list.o
 .debug_str     0x000976fc     0xc6ce ./Middlewares/Third_Party/MyRTOS/Source/queue.o
 .debug_str     0x000976fc     0xd18b ./Middlewares/Third_Party/MyRTOS/Source/tasks.o
 .debug_str     0x000976fc     0xcc00 ./Middlewares/Third_Party/MyRTOS/Source/timers.o
 .debug_str     0x000976fc     0x87aa ./Middlewares/Third_Party/MyRTOS/Source/portable/GCC/ARM_CM4F/port.o
 .debug_str     0x000976fc     0xb4d0 ./Middlewares/Third_Party/MyRTOS/Source/portable/MemMang/heap_4.o

.comment        0x00000000       0x43
 .comment       0x00000000       0x43 ./Core/Src/checkpoint.o
                                 0x44 (size before relaxing)
 .comment       0x00000043       0x44 ./Core/Src/main.o
 .comment       0x00000043       0x44 ./Core/Src/power_sim.o
 .comment       0x00000043       0x44 ./Core/Src/stm32f4xx_hal_msp.o
 .comment       0x00000043       0x44 ./Core/Src/stm32f4xx_hal_timebase_tim.o
 .comment       0x00000043       0x44 ./Core/Src/stm32f4xx_it.o
 .comment       0x00000043       0x44 ./Core/Src/sysmem.o
 .comment       0x00000043       0x44 ./Core/Src/system_stm32f4xx.o
 .comment       0x00000043       0x44 ./Core/Src/usart.o
 .comment       0x00000043       0x44 ./Drivers/STM32F4xx_HAL_Driver/Src/stm32f4xx_hal.o
 .comment       0x00000043       0x44 ./Drivers/STM32F4xx_HAL_Driver/Src/stm32f4xx_hal_cortex.o
 .comment       0x00000043       0x44 ./Drivers/STM32F4xx_HAL_Driver/Src/stm32f4xx_hal_gpio.o
 .comment       0x00000043       0x44 ./Drivers/STM32F4xx_HAL_Driver/Src/stm32f4xx_hal_rcc.o
 .comment       0x00000043       0x44 ./Drivers/STM32F4xx_HAL_Driver/Src/stm32f4xx_hal_tim.o
 .comment       0x00000043       0x44 ./Drivers/STM32F4xx_HAL_Driver/Src/stm32f4xx_hal_tim_ex.o
 .comment       0x00000043       0x44 ./Drivers/STM32F4xx_HAL_Driver/Src/stm32f4xx_hal_uart.o
 .comment       0x00000043       0x44 ./Middlewares/Third_Party/MyRTOS/Source/CMSIS_RTOS_V2/cmsis_os2.o
 .comment       0x00000043       0x44 ./Middlewares/Third_Party/MyRTOS/Source/list.o
 .comment       0x00000043       0x44 ./Middlewares/Third_Party/MyRTOS/Source/queue.o
 .comment       0x00000043       0x44 ./Middlewares/Third_Party/MyRTOS/Source/tasks.o
 .comment       0x00000043       0x44 ./Middlewares/Third_Party/MyRTOS/Source/timers.o