../Drivers/CMSIS/Include/core_cm4.h:1814:22:__NVIC_SetPriority	16	static
../Middlewares/Third_Party/MyRTOS/Source/CMSIS_RTOS_V2/cmsis_os2.c:163:6:SysTick_Handler	8	static
../Middlewares/Third_Party/MyRTOS/Source/CMSIS_RTOS_V2/cmsis_os2.c:182:22:SVC_Setup	8	static
../Middlewares/Third_Party/MyRTOS/Source/CMSIS_RTOS_V2/cmsis_os2.c:206:12:osKernelInitialize	16	static,ignoring_inline_asm
../Middlewares/Third_Party/MyRTOS/Source/CMSIS_RTOS_V2/cmsis_os2.c:230:12:osKernelGetInfo	24	static
../Middlewares/Third_Party/MyRTOS/Source/CMSIS_RTOS_V2/cmsis_os2.c:248:17:osKernelGetState	16	static
../Middlewares/Third_Party/MyRTOS/Source/CMSIS_RTOS_V2/cmsis_os2.c:273:12:osKernelStart	16	static,ignoring_inline_asm
../Middlewares/Third_Party/MyRTOS/Source/CMSIS_RTOS_V2/cmsis_os2.c:296:9:osKernelLock	16	static,ignoring_inline_asm
../Middlewares/Third_Party/MyRTOS/Source/CMSIS_RTOS_V2/cmsis_os2.c:323:9:osKernelUnlock	16	static,ignoring_inline_asm
../Middlewares/Third_Party/MyRTOS/Source/CMSIS_RTOS_V2/cmsis_os2.c:355:9:osKernelRestoreLock	24	static,ignoring_inline_asm
../Middlewares/Third_Party/MyRTOS/Source/CMSIS_RTOS_V2/cmsis_os2.c:391:10:osKernelGetTickCount	16	static,ignoring_inline_asm
../Middlewares/Third_Party/MyRTOS/Source/CMSIS_RTOS_V2/cmsis_os2.c:403:10:osKernelGetTickFreq	4	static
../Middlewares/Third_Party/MyRTOS/Source/CMSIS_RTOS_V2/cmsis_os2.c:408:17:OS_Tick_GetCount	16	static
../Middlewares/Third_Party/MyRTOS/Source/CMSIS_RTOS_V2/cmsis_os2.c:414:17:OS_Tick_GetOverflow	4	static
../Middlewares/Third_Party/MyRTOS/Source/CMSIS_RTOS_V2/cmsis_os2.c:419:17:OS_Tick_GetInterval	4	static
../Middlewares/Third_Party/MyRTOS/Source/CMSIS_RTOS_V2/cmsis_os2.c:423:10:osKernelGetSysTimerCount	32	static,ignoring_inline_asm
../Middlewares/Third_Party/MyRTOS/Source/CMSIS_RTOS_V2/cmsis_os2.c:446:10:osKernelGetSysTimerFreq	4	static
../Middlewares/Third_Party/MyRTOS/Source/CMSIS_RTOS_V2/cmsis_os2.c:452:14:osThreadNew	64	static,ignoring_inline_asm
../Middlewares/Third_Party/MyRTOS/Source/CMSIS_RTOS_V2/cmsis_os2.c:520:13:osThreadGetName	32	static,ignoring_inline_asm
../Middlewares/Third_Party/MyRTOS/Source/CMSIS_RTOS_V2/cmsis_os2.c:533:14:osThreadGetId	16	static
../Middlewares/Third_Party/MyRTOS/Source/CMSIS_RTOS_V2/cmsis_os2.c:541:17:osThreadGetState	32	static,ignoring_inline_asm
../Middlewares/Third_Party/MyRTOS/Source/CMSIS_RTOS_V2/cmsis_os2.c:563:10:osThreadGetStackSpace	32	static,ignoring_inline_asm
../Middlewares/Third_Party/MyRTOS/Source/CMSIS_RTOS_V2/cmsis_os2.c:576:12:osThreadSetPriority	32	static,ignoring_inline_asm
../Middlewares/Third_Party/MyRTOS/Source/CMSIS_RTOS_V2/cmsis_os2.c:594:14:osThreadGetPriority	32	static,ignoring_inline_asm
../Middlewares/Third_Party/MyRTOS/Source/CMSIS_RTOS_V2/cmsis_os2.c:607:12:osThreadYield	16	static,ignoring_inline_asm
../Middlewares/Third_Party/MyRTOS/Source/CMSIS_RTOS_V2/cmsis_os2.c:621:12:osThreadSuspend	32	static,ignoring_inline_asm
../Middlewares/Third_Party/MyRTOS/Source/CMSIS_RTOS_V2/cmsis_os2.c:639:12:osThreadResume	32	static,ignoring_inline_asm
../Middlewares/Third_Party/MyRTOS/Source/CMSIS_RTOS_V2/cmsis_os2.c:658:18:osThreadExit	8	static
../Middlewares/Third_Party/MyRTOS/Source/CMSIS_RTOS_V2/cmsis_os2.c:665:12:osThreadTerminate	32	static,ignoring_inline_asm
../Middlewares/Third_Party/MyRTOS/Source/CMSIS_RTOS_V2/cmsis_os2.c:694:10:osThreadGetCount	16	static,ignoring_inline_asm
../Middlewares/Third_Party/MyRTOS/Source/CMSIS_RTOS_V2/cmsis_os2.c:707:10:osThreadEnumerate	32	static,ignoring_inline_asm
../Middlewares/Third_Party/MyRTOS/Source/CMSIS_RTOS_V2/cmsis_os2.c:737:10:osThreadFlagsSet	40	static,ignoring_inline_asm
../Middlewares/Third_Party/MyRTOS/Source/CMSIS_RTOS_V2/cmsis_os2.c:765:10:osThreadFlagsClear	32	static,ignoring_inline_asm
../Middlewares/Third_Party/MyRTOS/Source/CMSIS_RTOS_V2/cmsis_os2.c:795:10:osThreadFlagsGet	24	static,ignoring_inline_asm
../Middlewares/Third_Party/MyRTOS/Source/CMSIS_RTOS_V2/cmsis_os2.c:813:10:osThreadFlagsWait	56	static,ignoring_inline_asm
../Middlewares/Third_Party/MyRTOS/Source/CMSIS_RTOS_V2/cmsis_os2.c:889:12:osDelay	24	static,ignoring_inline_asm
../Middlewares/Third_Party/MyRTOS/Source/CMSIS_RTOS_V2/cmsis_os2.c:906:12:osDelayUntil	32	static,ignoring_inline_asm
../Middlewares/Third_Party/MyRTOS/Source/CMSIS_RTOS_V2/cmsis_os2.c:937:13:TimerCallback	24	static
../Middlewares/Third_Party/MyRTOS/Source/CMSIS_RTOS_V2/cmsis_os2.c:947:13:osTimerNew	56	static,ignoring_inline_asm
../Middlewares/Third_Party/MyRTOS/Source/CMSIS_RTOS_V2/cmsis_os2.c:1013:13:osTimerGetName	32	static,ignoring_inline_asm
../Middlewares/Third_Party/MyRTOS/Source/CMSIS_RTOS_V2/cmsis_os2.c:1026:12:osTimerStart	40	static,ignoring_inline_asm
../Middlewares/Third_Party/MyRTOS/Source/CMSIS_RTOS_V2/cmsis_os2.c:1047:12:osTimerStop	40	static,ignoring_inline_asm
../Middlewares/Third_Party/MyRTOS/Source/CMSIS_RTOS_V2/cmsis_os2.c:1073:10:osTimerIsRunning	32	static,ignoring_inline_asm
../Middlewares/Third_Party/MyRTOS/Source/CMSIS_RTOS_V2/cmsis_os2.c:1086:12:osTimerDelete	40	static,ignoring_inline_asm
../Middlewares/Third_Party/MyRTOS/Source/CMSIS_RTOS_V2/cmsis_os2.c:1118:18:osEventFlagsNew	32	static,ignoring_inline_asm
../Middlewares/Third_Party/MyRTOS/Source/CMSIS_RTOS_V2/cmsis_os2.c:1158:10:osEventFlagsSet	32	static,ignoring_inline_asm
../Middlewares/Third_Party/MyRTOS/Source/CMSIS_RTOS_V2/cmsis_os2.c:1189:10:osEventFlagsClear	32	static,ignoring_inline_asm
../Middlewares/Third_Party/MyRTOS/Source/CMSIS_RTOS_V2/cmsis_os2.c:1215:10:osEventFlagsGet	32	static,ignoring_inline_asm
../Middlewares/Third_Party/MyRTOS/Source/CMSIS_RTOS_V2/cmsis_os2.c:1232:10:osEventFlagsWait	56	static,ignoring_inline_asm
../Middlewares/Third_Party/MyRTOS/Source/CMSIS_RTOS_V2/cmsis_os2.c:1282:12:osEventFlagsDelete	32	static,ignoring_inline_asm
../Middlewares/Third_Party/MyRTOS/Source/CMSIS_RTOS_V2/cmsis_os2.c:1307:13:osMutexNew	40	static,ignoring_inline_asm
../Middlewares/Third_Party/MyRTOS/Source/CMSIS_RTOS_V2/cmsis_os2.c:1394:12:osMutexAcquire	32	static,ignoring_inline_asm
../Middlewares/Third_Party/MyRTOS/Source/CMSIS_RTOS_V2/cmsis_os2.c:1437:12:osMutexRelease	32	static,ignoring_inline_asm
../Middlewares/Third_Party/MyRTOS/Source/CMSIS_RTOS_V2/cmsis_os2.c:1472:14:osMutexGetOwner	32	static,ignoring_inline_asm
../Middlewares/Third_Party/MyRTOS/Source/CMSIS_RTOS_V2/cmsis_os2.c:1487:12:osMutexDelete	32	static,ignoring_inline_asm
../Middlewares/Third_Party/MyRTOS/Source/CMSIS_RTOS_V2/cmsis_os2.c:1517:17:osSemaphoreNew	48	static,ignoring_inline_asm
../Middlewares/Third_Party/MyRTOS/Source/CMSIS_RTOS_V2/cmsis_os2.c:1592:12:osSemaphoreAcquire	32	static,ignoring_inline_asm
../Middlewares/Third_Party/MyRTOS/Source/CMSIS_RTOS_V2/cmsis_os2.c:1629:12:osSemaphoreRelease	32	static,ignoring_inline_asm
../Middlewares/Third_Party/MyRTOS/Source/CMSIS_RTOS_V2/cmsis_os2.c:1657:10:osSemaphoreGetCount	32	static,ignoring_inline_asm
../Middlewares/Third_Party/MyRTOS/Source/CMSIS_RTOS_V2/cmsis_os2.c:1673:12:osSemaphoreDelete	32	static,ignoring_inline_asm
../Middlewares/Third_Party/MyRTOS/Source/CMSIS_RTOS_V2/cmsis_os2.c:1701:20:osMessageQueueNew	48	static,ignoring_inline_asm
../Middlewares/Third_Party/MyRTOS/Source/CMSIS_RTOS_V2/cmsis_os2.c:1758:12:osMessageQueuePut	40	static,ignoring_inline_asm
../Middlewares/Third_Party/MyRTOS/Source/CMSIS_RTOS_V2/cmsis_os2.c:1799:12:osMessageQueueGet	40	static,ignoring_inline_asm
../Middlewares/Third_Party/MyRTOS/Source/CMSIS_RTOS_V2/cmsis_os2.c:1840:10:osMessageQueueGetCapacity	24	static
../Middlewares/Third_Party/MyRTOS/Source/CMSIS_RTOS_V2/cmsis_os2.c:1854:10:osMessageQueueGetMsgSize	24	static
../Middlewares/Third_Party/MyRTOS/Source/CMSIS_RTOS_V2/cmsis_os2.c:1868:10:osMessageQueueGetCount	32	static,ignoring_inline_asm
../Middlewares/Third_Party/MyRTOS/Source/CMSIS_RTOS_V2/cmsis_os2.c:1885:10:osMessageQueueGetSpace	48	static,ignoring_inline_asm
../Middlewares/Third_Party/MyRTOS/Source/CMSIS_RTOS_V2/cmsis_os2.c:1908:12:osMessageQueueReset	32	static,ignoring_inline_asm
../Middlewares/Third_Party/MyRTOS/Source/CMSIS_RTOS_V2/cmsis_os2.c:1926:12:osMessageQueueDelete	32	static,ignoring_inline_asm
../Middlewares/Third_Party/MyRTOS/Source/CMSIS_RTOS_V2/cmsis_os2.c:2467:13:vApplicationGetIdleTaskMemory	24	static
../Middlewares/Third_Party/MyRTOS/Source/CMSIS_RTOS_V2/cmsis_os2.c:2481:13:vApplicationGetTimerTaskMemory	24	static
